*** Using Compiler 'V6.16', folder: 'D:\Keil5\ARM\ARMCLANG\Bin'
Rebuild target 'ClassE_lmf'
compiling adc.c...
compiling spi.c...
compiling tim.c...
compiling usart.c...
compiling main.c...
compiling dma.c...
compiling gpio.c...
assembling startup_stm32f103xb.s...
compiling stm32f1xx_it.c...
compiling stm32f1xx_hal_msp.c...
compiling stm32f1xx_hal_gpio_ex.c...
compiling stm32f1xx_hal.c...
compiling stm32f1xx_hal_rcc_ex.c...
compiling stm32f1xx_hal_adc.c...
compiling stm32f1xx_hal_rcc.c...
compiling stm32f1xx_hal_adc_ex.c...
compiling stm32f1xx_hal_gpio.c...
compiling stm32f1xx_hal_dma.c...
compiling stm32f1xx_hal_cortex.c...
compiling stm32f1xx_hal_pwr.c...
compiling stm32f1xx_hal_flash.c...
compiling stm32f1xx_hal_exti.c...
compiling stm32f1xx_hal_flash_ex.c...
compiling stm32f1xx_hal_spi.c...
compiling lwrb_ex.c...
compiling lwrb.c...
compiling system_stm32f1xx.c...
compiling dwt_delay.c...
compiling stm32f1xx_hal_tim_ex.c...
compiling stm32f1xx_hal_tim.c...
compiling multi_button.c...
compiling stm32f1xx_hal_uart.c...
compiling MultiTimer.c...
compiling app_event.c...
compiling bsp_multibutton.c...
compiling bsp_fan_pid.c...
compiling bsp_ringbuffer.c...
compiling bsp_relay.c...
compiling bsp_soft_timer.c...
compiling app_callbacks.c...
compiling bsp_led.c...
compiling rf_matching.c...
compiling command_parser.c...
compiling bsp_sys_ctrl.c...
compiling bsp_get_temp.c...
compiling PID.c...
compiling ADC_sin_test.c...
linking...
Program Size: Code=30784 RO-data=1100 RW-data=12 ZI-data=2796  
FromELF: creating hex file...
"ClassE_lmf\ClassE_lmf.axf" - 0 Error(s), 0 Warning(s).
Build Time Elapsed:  00:00:05
