Component: ARM Compiler 6.16 Tool: armlink [5dfeaa00]

==============================================================================

Section Cross References

    startup_stm32f103xb.o(STACK) refers (Special) to heapauxi.o(.text) for __use_two_region_memory
    startup_stm32f103xb.o(HEAP) refers (Special) to heapauxi.o(.text) for __use_two_region_memory
    startup_stm32f103xb.o(RESET) refers (Special) to heapauxi.o(.text) for __use_two_region_memory
    startup_stm32f103xb.o(RESET) refers to startup_stm32f103xb.o(STACK) for __initial_sp
    startup_stm32f103xb.o(RESET) refers to startup_stm32f103xb.o(.text) for Reset_Handler
    startup_stm32f103xb.o(RESET) refers to stm32f1xx_it.o(.text.NMI_Handler) for NMI_Handler
    startup_stm32f103xb.o(RESET) refers to stm32f1xx_it.o(.text.HardFault_Handler) for HardFault_Handler
    startup_stm32f103xb.o(RESET) refers to stm32f1xx_it.o(.text.MemManage_Handler) for MemManage_Handler
    startup_stm32f103xb.o(RESET) refers to stm32f1xx_it.o(.text.BusFault_Handler) for BusFault_Handler
    startup_stm32f103xb.o(RESET) refers to stm32f1xx_it.o(.text.UsageFault_Handler) for UsageFault_Handler
    startup_stm32f103xb.o(RESET) refers to stm32f1xx_it.o(.text.SVC_Handler) for SVC_Handler
    startup_stm32f103xb.o(RESET) refers to stm32f1xx_it.o(.text.DebugMon_Handler) for DebugMon_Handler
    startup_stm32f103xb.o(RESET) refers to stm32f1xx_it.o(.text.PendSV_Handler) for PendSV_Handler
    startup_stm32f103xb.o(RESET) refers to stm32f1xx_it.o(.text.SysTick_Handler) for SysTick_Handler
    startup_stm32f103xb.o(RESET) refers to stm32f1xx_it.o(.text.DMA1_Channel1_IRQHandler) for DMA1_Channel1_IRQHandler
    startup_stm32f103xb.o(RESET) refers to stm32f1xx_it.o(.text.DMA1_Channel6_IRQHandler) for DMA1_Channel6_IRQHandler
    startup_stm32f103xb.o(RESET) refers to stm32f1xx_it.o(.text.DMA1_Channel7_IRQHandler) for DMA1_Channel7_IRQHandler
    startup_stm32f103xb.o(RESET) refers to stm32f1xx_it.o(.text.TIM1_UP_IRQHandler) for TIM1_UP_IRQHandler
    startup_stm32f103xb.o(RESET) refers to stm32f1xx_it.o(.text.USART2_IRQHandler) for USART2_IRQHandler
    startup_stm32f103xb.o(.text) refers (Special) to heapauxi.o(.text) for __use_two_region_memory
    startup_stm32f103xb.o(.text) refers to system_stm32f1xx.o(.text.SystemInit) for SystemInit
    startup_stm32f103xb.o(.text) refers to __main.o(!!!main) for __main
    startup_stm32f103xb.o(.text) refers to startup_stm32f103xb.o(HEAP) for Heap_Mem
    startup_stm32f103xb.o(.text) refers to startup_stm32f103xb.o(STACK) for Stack_Mem
    main.o(.text.main) refers to stm32f1xx_hal.o(.text.HAL_Init) for HAL_Init
    main.o(.text.main) refers to main.o(.text.SystemClock_Config) for SystemClock_Config
    main.o(.text.main) refers to dwt_delay.o(.text.DWT_Init) for DWT_Init
    main.o(.text.main) refers to gpio.o(.text.MX_GPIO_Init) for MX_GPIO_Init
    main.o(.text.main) refers to dma.o(.text.MX_DMA_Init) for MX_DMA_Init
    main.o(.text.main) refers to adc.o(.text.MX_ADC1_Init) for MX_ADC1_Init
    main.o(.text.main) refers to spi.o(.text.MX_SPI2_Init) for MX_SPI2_Init
    main.o(.text.main) refers to tim.o(.text.MX_TIM2_Init) for MX_TIM2_Init
    main.o(.text.main) refers to usart.o(.text.MX_USART2_UART_Init) for MX_USART2_UART_Init
    main.o(.text.main) refers to tim.o(.text.MX_TIM3_Init) for MX_TIM3_Init
    main.o(.text.main) refers to tim.o(.text.MX_TIM1_Init) for MX_TIM1_Init
    main.o(.text.main) refers to bsp_multibutton.o(.text.bsp_multibutton_Init) for bsp_multibutton_Init
    main.o(.text.main) refers to app_event.o(.text.app_event_init) for app_event_init
    main.o(.text.main) refers to tim.o(.bss.htim3) for htim3
    main.o(.text.main) refers to bsp_fan_pid.o(.text.Fan_SetSpeed_PID_Turn_Off) for Fan_SetSpeed_PID_Turn_Off
    main.o(.text.main) refers to bsp_relay.o(.text.Relay_Init) for Relay_Init
    main.o(.text.main) refers to bsp_soft_timer.o(.text.BSP_SoftTimer_Init) for BSP_SoftTimer_Init
    main.o(.text.main) refers to bsp_sys_ctrl.o(.text.Sys_Ctrl_Init) for Sys_Ctrl_Init
    main.o(.text.main) refers to stm32f1xx_hal_gpio.o(.text.HAL_GPIO_WritePin) for HAL_GPIO_WritePin
    main.o(.text.main) refers to adc.o(.bss.hadc1) for hadc1
    main.o(.text.main) refers to stm32f1xx_hal_adc_ex.o(.text.HAL_ADCEx_Calibration_Start) for HAL_ADCEx_Calibration_Start
    main.o(.text.main) refers to bsp_sys_ctrl.o(.text.Sys_Start) for Sys_Start
    main.o(.text.main) refers to bsp_relay.o(.text.Relay_Set_Combination) for Relay_Set_Combination
    main.o(.text.main) refers to app_event.o(.text.app_event_process) for app_event_process
    main.o(.text.main) refers to bsp_soft_timer.o(.text.BSP_SoftTimer_Process) for BSP_SoftTimer_Process
    main.o(.ARM.exidx.text.main) refers to main.o(.text.main) for [Anonymous Symbol]
    main.o(.text.SystemClock_Config) refers to rt_memclr_w.o(.text) for __aeabi_memclr4
    main.o(.text.SystemClock_Config) refers to stm32f1xx_hal_rcc.o(.text.HAL_RCC_OscConfig) for HAL_RCC_OscConfig
[...]
    CAN1_SCE_IRQHandler                      0x0800024f   Thumb Code     0  startup_stm32f103xb.o(.text)
    DMA1_Channel2_IRQHandler                 0x0800024f   Thumb Code     0  startup_stm32f103xb.o(.text)
    DMA1_Channel3_IRQHandler                 0x0800024f   Thumb Code     0  startup_stm32f103xb.o(.text)
    DMA1_Channel4_IRQHandler                 0x0800024f   Thumb Code     0  startup_stm32f103xb.o(.text)
    DMA1_Channel5_IRQHandler                 0x0800024f   Thumb Code     0  startup_stm32f103xb.o(.text)
    EXTI0_IRQHandler                         0x0800024f   Thumb Code     0  startup_stm32f103xb.o(.text)
    EXTI15_10_IRQHandler                     0x0800024f   Thumb Code     0  startup_stm32f103xb.o(.text)
    EXTI1_IRQHandler                         0x0800024f   Thumb Code     0  startup_stm32f103xb.o(.text)
    EXTI2_IRQHandler                         0x0800024f   Thumb Code     0  startup_stm32f103xb.o(.text)
    EXTI3_IRQHandler                         0x0800024f   Thumb Code     0  startup_stm32f103xb.o(.text)
    EXTI4_IRQHandler                         0x0800024f   Thumb Code     0  startup_stm32f103xb.o(.text)
    EXTI9_5_IRQHandler                       0x0800024f   Thumb Code     0  startup_stm32f103xb.o(.text)
    FLASH_IRQHandler                         0x0800024f   Thumb Code     0  startup_stm32f103xb.o(.text)
    I2C1_ER_IRQHandler                       0x0800024f   Thumb Code     0  startup_stm32f103xb.o(.text)
    I2C1_EV_IRQHandler                       0x0800024f   Thumb Code     0  startup_stm32f103xb.o(.text)
    I2C2_ER_IRQHandler                       0x0800024f   Thumb Code     0  startup_stm32f103xb.o(.text)
    I2C2_EV_IRQHandler                       0x0800024f   Thumb Code     0  startup_stm32f103xb.o(.text)
    PVD_IRQHandler                           0x0800024f   Thumb Code     0  startup_stm32f103xb.o(.text)
    RCC_IRQHandler                           0x0800024f   Thumb Code     0  startup_stm32f103xb.o(.text)
    RTC_Alarm_IRQHandler                     0x0800024f   Thumb Code     0  startup_stm32f103xb.o(.text)
    RTC_IRQHandler                           0x0800024f   Thumb Code     0  startup_stm32f103xb.o(.text)
    SPI1_IRQHandler                          0x0800024f   Thumb Code     0  startup_stm32f103xb.o(.text)
    SPI2_IRQHandler                          0x0800024f   Thumb Code     0  startup_stm32f103xb.o(.text)
    TAMPER_IRQHandler                        0x0800024f   Thumb Code     0  startup_stm32f103xb.o(.text)
    TIM1_BRK_IRQHandler                      0x0800024f   Thumb Code     0  startup_stm32f103xb.o(.text)
    TIM1_CC_IRQHandler                       0x0800024f   Thumb Code     0  startup_stm32f103xb.o(.text)
    TIM1_TRG_COM_IRQHandler                  0x0800024f   Thumb Code     0  startup_stm32f103xb.o(.text)
    TIM2_IRQHandler                          0x0800024f   Thumb Code     0  startup_stm32f103xb.o(.text)
    TIM3_IRQHandler                          0x0800024f   Thumb Code     0  startup_stm32f103xb.o(.text)
    TIM4_IRQHandler                          0x0800024f   Thumb Code     0  startup_stm32f103xb.o(.text)
    USART1_IRQHandler                        0x0800024f   Thumb Code     0  startup_stm32f103xb.o(.text)
    USART3_IRQHandler                        0x0800024f   Thumb Code     0  startup_stm32f103xb.o(.text)
    USBWakeUp_IRQHandler                     0x0800024f   Thumb Code     0  startup_stm32f103xb.o(.text)
    USB_HP_CAN1_TX_IRQHandler                0x0800024f   Thumb Code     0  startup_stm32f103xb.o(.text)
    USB_LP_CAN1_RX0_IRQHandler               0x0800024f   Thumb Code     0  startup_stm32f103xb.o(.text)
    WWDG_IRQHandler                          0x0800024f   Thumb Code     0  startup_stm32f103xb.o(.text)
    __user_initial_stackheap                 0x08000251   Thumb Code     0  startup_stm32f103xb.o(.text)
    vsnprintf                                0x08000275   Thumb Code    48  vsnprintf.o(.text)
    strpbrk                                  0x080002a9   Thumb Code    30  strpbrk.o(.text)
    strncmp                                  0x080002c7   Thumb Code   150  strncmp.o(.text)
    __aeabi_memcpy                           0x0800035d   Thumb Code     0  rt_memcpy_v6.o(.text)
    __rt_memcpy                              0x0800035d   Thumb Code   138  rt_memcpy_v6.o(.text)
    _memcpy_lastbytes                        0x080003c3   Thumb Code     0  rt_memcpy_v6.o(.text)
    __aeabi_memclr4                          0x080003e7   Thumb Code     0  rt_memclr_w.o(.text)
    __aeabi_memclr8                          0x080003e7   Thumb Code     0  rt_memclr_w.o(.text)
    __rt_memclr_w                            0x080003e7   Thumb Code     0  rt_memclr_w.o(.text)
    _memset_w                                0x080003eb   Thumb Code    74  rt_memclr_w.o(.text)
    strcmp                                   0x08000435   Thumb Code   128  strcmpv7m.o(.text)
    __use_two_region_memory                  0x080004b5   Thumb Code     2  heapauxi.o(.text)
    __rt_heap_escrow$2region                 0x080004b7   Thumb Code     2  heapauxi.o(.text)
    __rt_heap_expand$2region                 0x080004b9   Thumb Code     2  heapauxi.o(.text)
    __read_errno                             0x080004bb   Thumb Code    10  _rserrno.o(.text)
    __set_errno                              0x080004c5   Thumb Code    12  _rserrno.o(.text)
    _printf_pre_padding                      0x080004d1   Thumb Code    44  _printf_pad.o(.text)
    _printf_post_padding                     0x080004fd   Thumb Code    34  _printf_pad.o(.text)
    _printf_truncate_signed                  0x0800051f   Thumb Code    18  _printf_truncate.o(.text)
    _printf_truncate_unsigned                0x08000531   Thumb Code    18  _printf_truncate.o(.text)
    _printf_str                              0x08000543   Thumb Code    82  _printf_str.o(.text)
    _printf_int_dec                          0x08000595   Thumb Code   104  _printf_dec.o(.text)
    _printf_charcount                        0x0800060d   Thumb Code    40  _printf_charcount.o(.text)
    _printf_char_common                      0x0800063f   Thumb Code    32  _printf_char_common.o(.text)
    _sputc                                   0x08000665   Thumb Code    10  _sputc.o(.text)
    _snputc                                  0x0800066f   Thumb Code    16  _snputc.o(.text)
    _printf_wctomb                           0x08000681   Thumb Code   182  _printf_wctomb.o(.text)
    _printf_longlong_dec                     0x0800073d   Thumb Code   108  _printf_longlong_dec.o(.text)
    _printf_longlong_oct                     0x080007b9   Thumb Code    68  _printf_oct_int_ll.o(.text)
    _printf_int_oct                          0x080007fd   Thumb Code    24  _printf_oct_int_ll.o(.text)
    _printf_ll_oct                           0x08000815   Thumb Code    12  _printf_oct_int_ll.o(.text)
    _printf_longlong_hex                     0x08000829   Thumb Code    86  _printf_hex_int_ll_ptr.o(.text)
    _printf_int_hex                          0x0800087f   Thumb Code    28  _printf_hex_int_ll_ptr.o(.text)
    _printf_ll_hex                           0x0800089b   Thumb Code    12  _printf_hex_int_ll_ptr.o(.text)
    _printf_hex_ptr                          0x080008a7   Thumb Code    18  _printf_hex_int_ll_ptr.o(.text)
    __printf                                 0x080008bd   Thumb Code   388  __printf_flags_ss_wp.o(.text)
    __aeabi_memcpy4                          0x08000a45   Thumb Code     0  rt_memcpy_w.o(.text)
    __aeabi_memcpy8                          0x08000a45   Thumb Code     0  rt_memcpy_w.o(.text)
    __rt_memcpy_w                            0x08000a45   Thumb Code   100  rt_memcpy_w.o(.text)
    _memcpy_lastbytes_aligned                0x08000a8d   Thumb Code     0  rt_memcpy_w.o(.text)
    __aeabi_errno_addr                       0x08000aa9   Thumb Code     8  rt_errno_addr_intlibspace.o(.text)
    __errno$intlibspace                      0x08000aa9   Thumb Code     0  rt_errno_addr_intlibspace.o(.text)
    __rt_errno_addr$intlibspace              0x08000aa9   Thumb Code     0  rt_errno_addr_intlibspace.o(.text)
    _ll_udiv10                               0x08000ab1   Thumb Code   138  lludiv10.o(.text)
    _printf_int_common                       0x08000b3b   Thumb Code   178  _printf_intcommon.o(.text)
    _printf_fp_dec_real                      0x08000d9d   Thumb Code   620  _printf_fp_dec.o(.text)
    _printf_fp_hex_real                      0x08001009   Thumb Code   756  _printf_fp_hex.o(.text)
    _printf_cs_common                        0x08001305   Thumb Code    20  _printf_char.o(.text)
    _printf_char                             0x08001319   Thumb Code    16  _printf_char.o(.text)
    _printf_string                           0x08001329   Thumb Code     8  _printf_char.o(.text)
    _printf_lcs_common                       0x08001331   Thumb Code    20  _printf_wchar.o(.text)
    _printf_wchar                            0x08001345   Thumb Code    16  _printf_wchar.o(.text)
    _printf_wstring                          0x08001355   Thumb Code     8  _printf_wchar.o(.text)
    _c16rtomb                                0x0800135d   Thumb Code    72  _c16rtomb.o(.text)
    _wcrtomb                                 0x0800135d   Thumb Code     0  _c16rtomb.o(.text)
    __user_libspace                          0x080013a5   Thumb Code     8  libspace.o(.text)
    __user_perproc_libspace                  0x080013a5   Thumb Code     0  libspace.o(.text)
    __user_perthread_libspace                0x080013a5   Thumb Code     0  libspace.o(.text)
    __user_setup_stackheap                   0x080013ad   Thumb Code    74  sys_stackheap_outer.o(.text)
    __rt_ctype_table                         0x080013f9   Thumb Code    16  rt_ctype_table.o(.text)
    __rt_locale                              0x08001409   Thumb Code     8  rt_locale_intlibspace.o(.text)
    _printf_fp_infnan                        0x08001411   Thumb Code   112  _printf_fp_infnan.o(.text)
    _btod_etento                             0x08001491   Thumb Code   224  bigflt0.o(.text)
    exit                                     0x08001575   Thumb Code    18  exit.o(.text)
    _sys_exit                                0x08001589   Thumb Code     8  sys_exit.o(.text)
    __I$use$semihosting                      0x08001595   Thumb Code     0  use_no_semi.o(.text)
    __use_no_semihosting_swi                 0x08001595   Thumb Code     2  use_no_semi.o(.text)
    __semihosting_library_function           0x08001597   Thumb Code     0  indicate_semi.o(.text)
    ADC_ConversionStop_Disable               0x08001599   Thumb Code   130  stm32f1xx_hal_adc.o(.text.ADC_ConversionStop_Disable)
    ADC_Enable                               0x0800161d   Thumb Code   188  stm32f1xx_hal_adc.o(.text.ADC_Enable)
    BSP_SoftTimer_IncTick                    0x080016d9   Thumb Code    24  bsp_soft_timer.o(.text.BSP_SoftTimer_IncTick)
    BSP_SoftTimer_Init                       0x080016f1   Thumb Code    16  bsp_soft_timer.o(.text.BSP_SoftTimer_Init)
    BSP_SoftTimer_Process                    0x08001701   Thumb Code     8  bsp_soft_timer.o(.text.BSP_SoftTimer_Process)
    BTN_EXTERNAL_PRESS_DOWN_Handler          0x08001709   Thumb Code     8  bsp_multibutton.o(.text.BTN_EXTERNAL_PRESS_DOWN_Handler)
    BTN_ONBOARD_PRESS_DOWN_Handler           0x08001711   Thumb Code    22  bsp_multibutton.o(.text.BTN_ONBOARD_PRESS_DOWN_Handler)
    BTN_RF8_PRESS_DOWN_Handler               0x08001729   Thumb Code    22  bsp_multibutton.o(.text.BTN_RF8_PRESS_DOWN_Handler)
    BusFault_Handler                         0x08001741   Thumb Code     4  stm32f1xx_it.o(.text.BusFault_Handler)
    Cool_Pulse_ctr                           0x08001785   Thumb Code   190  bsp_sys_ctrl.o(.text.Cool_Pulse_ctr)
    DMA1_Channel1_IRQHandler                 0x08001845   Thumb Code    16  stm32f1xx_it.o(.text.DMA1_Channel1_IRQHandler)
    DMA1_Channel6_IRQHandler                 0x08001855   Thumb Code    16  stm32f1xx_it.o(.text.DMA1_Channel6_IRQHandler)
    DMA1_Channel7_IRQHandler                 0x08001865   Thumb Code    16  stm32f1xx_it.o(.text.DMA1_Channel7_IRQHandler)
    DWT_Delay_us                             0x080018c5   Thumb Code    76  dwt_delay.o(.text.DWT_Delay_us)
    DWT_Init                                 0x08001911   Thumb Code    46  dwt_delay.o(.text.DWT_Init)
    DebugMon_Handler                         0x08001941   Thumb Code     2  stm32f1xx_it.o(.text.DebugMon_Handler)
    Error_Handler                            0x08001945   Thumb Code    14  main.o(.text.Error_Handler)
    Fan_SetSpeed_PID_Turn_Off                0x08001955   Thumb Code   104  bsp_fan_pid.o(.text.Fan_SetSpeed_PID_Turn_Off)
    Get_ADC_Average                          0x080019bd   Thumb Code   150  rf_matching.o(.text.Get_ADC_Average)
    HAL_ADCEx_Calibration_Start              0x08001a55   Thumb Code   394  stm32f1xx_hal_adc_ex.o(.text.HAL_ADCEx_Calibration_Start)
    HAL_ADC_ConfigChannel                    0x08001be1   Thumb Code   436  stm32f1xx_hal_adc.o(.text.HAL_ADC_ConfigChannel)
    HAL_ADC_GetValue                         0x08001d95   Thumb Code    14  stm32f1xx_hal_adc.o(.text.HAL_ADC_GetValue)
    HAL_ADC_Init                             0x08001da5   Thumb Code   530  stm32f1xx_hal_adc.o(.text.HAL_ADC_Init)
    HAL_ADC_MspInit                          0x08001fb9   Thumb Code   202  adc.o(.text.HAL_ADC_MspInit)
    HAL_ADC_PollForConversion                0x08002085   Thumb Code   644  stm32f1xx_hal_adc.o(.text.HAL_ADC_PollForConversion)
    HAL_ADC_Start                            0x08002309   Thumb Code   438  stm32f1xx_hal_adc.o(.text.HAL_ADC_Start)
    HAL_ADC_Stop                             0x080024c1   Thumb Code   112  stm32f1xx_hal_adc.o(.text.HAL_ADC_Stop)
    HAL_DMA_Abort                            0x08002531   Thumb Code   124  stm32f1xx_hal_dma.o(.text.HAL_DMA_Abort)
    HAL_DMA_Abort_IT                         0x080025ad   Thumb Code   284  stm32f1xx_hal_dma.o(.text.HAL_DMA_Abort_IT)
    HAL_DMA_IRQHandler                       0x080026c9   Thumb Code   646  stm32f1xx_hal_dma.o(.text.HAL_DMA_IRQHandler)
    HAL_DMA_Init                             0x08002951   Thumb Code   174  stm32f1xx_hal_dma.o(.text.HAL_DMA_Init)
    HAL_DMA_Start_IT                         0x08002a01   Thumb Code   202  stm32f1xx_hal_dma.o(.text.HAL_DMA_Start_IT)
    HAL_Delay                                0x08002acd   Thumb Code    66  stm32f1xx_hal.o(.text.HAL_Delay)
    HAL_GPIO_Init                            0x08002b11   Thumb Code   798  stm32f1xx_hal_gpio.o(.text.HAL_GPIO_Init)
    HAL_GPIO_ReadPin                         0x08002e31   Thumb Code    46  stm32f1xx_hal_gpio.o(.text.HAL_GPIO_ReadPin)
    HAL_GPIO_WritePin                        0x08002e61   Thumb Code    46  stm32f1xx_hal_gpio.o(.text.HAL_GPIO_WritePin)
    HAL_GetTick                              0x08002e91   Thumb Code    12  stm32f1xx_hal.o(.text.HAL_GetTick)
    HAL_IncTick                              0x08002e9d   Thumb Code    26  stm32f1xx_hal.o(.text.HAL_IncTick)
    HAL_Init                                 0x08002eb9   Thumb Code    38  stm32f1xx_hal.o(.text.HAL_Init)
    HAL_InitTick                             0x08002ee1   Thumb Code   112  stm32f1xx_hal.o(.text.HAL_InitTick)
    HAL_MspInit                              0x08002f51   Thumb Code   100  stm32f1xx_hal_msp.o(.text.HAL_MspInit)
    HAL_NVIC_EnableIRQ                       0x08002fb5   Thumb Code    20  stm32f1xx_hal_cortex.o(.text.HAL_NVIC_EnableIRQ)
    HAL_NVIC_SetPriority                     0x08002fc9   Thumb Code    50  stm32f1xx_hal_cortex.o(.text.HAL_NVIC_SetPriority)
    HAL_NVIC_SetPriorityGrouping             0x08002ffd   Thumb Code    16  stm32f1xx_hal_cortex.o(.text.HAL_NVIC_SetPriorityGrouping)
    HAL_RCCEx_GetPeriphCLKFreq               0x0800300d   Thumb Code   410  stm32f1xx_hal_rcc_ex.o(.text.HAL_RCCEx_GetPeriphCLKFreq)
    HAL_RCCEx_PeriphCLKConfig                0x080031a9   Thumb Code   456  stm32f1xx_hal_rcc_ex.o(.text.HAL_RCCEx_PeriphCLKConfig)
    HAL_RCC_ClockConfig                      0x08003371   Thumb Code   598  stm32f1xx_hal_rcc.o(.text.HAL_RCC_ClockConfig)
    HAL_RCC_GetHCLKFreq                      0x080035c9   Thumb Code    12  stm32f1xx_hal_rcc.o(.text.HAL_RCC_GetHCLKFreq)
    HAL_RCC_GetPCLK1Freq                     0x080035d5   Thumb Code    34  stm32f1xx_hal_rcc.o(.text.HAL_RCC_GetPCLK1Freq)
    HAL_RCC_GetPCLK2Freq                     0x080035f9   Thumb Code    34  stm32f1xx_hal_rcc.o(.text.HAL_RCC_GetPCLK2Freq)
    HAL_RCC_GetSysClockFreq                  0x0800361d   Thumb Code   188  stm32f1xx_hal_rcc.o(.text.HAL_RCC_GetSysClockFreq)
    HAL_RCC_OscConfig                        0x080036d9   Thumb Code  1658  stm32f1xx_hal_rcc.o(.text.HAL_RCC_OscConfig)
    HAL_SPI_Init                             0x08003d55   Thumb Code   248  stm32f1xx_hal_spi.o(.text.HAL_SPI_Init)
    HAL_SPI_MspInit                          0x08003e4d   Thumb Code   152  spi.o(.text.HAL_SPI_MspInit)
    HAL_SYSTICK_Config                       0x08003ee5   Thumb Code    16  stm32f1xx_hal_cortex.o(.text.HAL_SYSTICK_Config)
    HAL_TIMEx_BreakCallback                  0x08003ef5   Thumb Code     8  stm32f1xx_hal_tim_ex.o(.text.HAL_TIMEx_BreakCallback)
    HAL_TIMEx_CommutCallback                 0x08003efd   Thumb Code     8  stm32f1xx_hal_tim_ex.o(.text.HAL_TIMEx_CommutCallback)
    HAL_TIMEx_MasterConfigSynchronization    0x08003f05   Thumb Code   220  stm32f1xx_hal_tim_ex.o(.text.HAL_TIMEx_MasterConfigSynchronization)
    HAL_TIM_Base_Init                        0x08003fe1   Thumb Code   156  stm32f1xx_hal_tim.o(.text.HAL_TIM_Base_Init)
    HAL_TIM_Base_MspInit                     0x0800407d   Thumb Code   176  tim.o(.text.HAL_TIM_Base_MspInit)
    HAL_TIM_Base_Start_IT                    0x0800412d   Thumb Code   176  stm32f1xx_hal_tim.o(.text.HAL_TIM_Base_Start_IT)
    HAL_TIM_ConfigClockSource                0x080041dd   Thumb Code   388  stm32f1xx_hal_tim.o(.text.HAL_TIM_ConfigClockSource)
    HAL_TIM_IC_CaptureCallback               0x08004361   Thumb Code     8  stm32f1xx_hal_tim.o(.text.HAL_TIM_IC_CaptureCallback)
    HAL_TIM_IRQHandler                       0x08004369   Thumb Code   538  stm32f1xx_hal_tim.o(.text.HAL_TIM_IRQHandler)
    HAL_TIM_MspPostInit                      0x08004585   Thumb Code   212  tim.o(.text.HAL_TIM_MspPostInit)
    HAL_TIM_OC_DelayElapsedCallback          0x08004659   Thumb Code     8  stm32f1xx_hal_tim.o(.text.HAL_TIM_OC_DelayElapsedCallback)
    HAL_TIM_PWM_ConfigChannel                0x08004661   Thumb Code   322  stm32f1xx_hal_tim.o(.text.HAL_TIM_PWM_ConfigChannel)
    HAL_TIM_PWM_Init                         0x080047a5   Thumb Code   156  stm32f1xx_hal_tim.o(.text.HAL_TIM_PWM_Init)
    HAL_TIM_PWM_MspInit                      0x08004841   Thumb Code     8  stm32f1xx_hal_tim.o(.text.HAL_TIM_PWM_MspInit)
    HAL_TIM_PWM_PulseFinishedCallback        0x08004849   Thumb Code     8  stm32f1xx_hal_tim.o(.text.HAL_TIM_PWM_PulseFinishedCallback)
    HAL_TIM_PWM_Start                        0x08004851   Thumb Code   352  stm32f1xx_hal_tim.o(.text.HAL_TIM_PWM_Start)
    HAL_TIM_PeriodElapsedCallback            0x080049b1   Thumb Code    34  app_callbacks.o(.text.HAL_TIM_PeriodElapsedCallback)
    HAL_TIM_TriggerCallback                  0x080049d5   Thumb Code     8  stm32f1xx_hal_tim.o(.text.HAL_TIM_TriggerCallback)
    HAL_UARTEx_ReceiveToIdle_DMA             0x080049dd   Thumb Code   184  stm32f1xx_hal_uart.o(.text.HAL_UARTEx_ReceiveToIdle_DMA)
    HAL_UARTEx_RxEventCallback               0x08004a95   Thumb Code    98  app_callbacks.o(.text.HAL_UARTEx_RxEventCallback)
    HAL_UART_ErrorCallback                   0x08004af9   Thumb Code     8  app_callbacks.o(.text.HAL_UART_ErrorCallback)
    HAL_UART_IRQHandler                      0x08004b01   Thumb Code  1066  stm32f1xx_hal_uart.o(.text.HAL_UART_IRQHandler)
    HAL_UART_Init                            0x08004f2d   Thumb Code   158  stm32f1xx_hal_uart.o(.text.HAL_UART_Init)
    HAL_UART_MspInit                         0x08004fcd   Thumb Code   312  usart.o(.text.HAL_UART_MspInit)
    HAL_UART_RxCpltCallback                  0x08005105   Thumb Code     8  app_callbacks.o(.text.HAL_UART_RxCpltCallback)
    HAL_UART_RxHalfCpltCallback              0x0800510d   Thumb Code     8  stm32f1xx_hal_uart.o(.text.HAL_UART_RxHalfCpltCallback)
    HAL_UART_Transmit                        0x08005115   Thumb Code   304  stm32f1xx_hal_uart.o(.text.HAL_UART_Transmit)
    HAL_UART_TxCpltCallback                  0x08005245   Thumb Code    28  app_callbacks.o(.text.HAL_UART_TxCpltCallback)
    HardFault_Handler                        0x08005261   Thumb Code     4  stm32f1xx_it.o(.text.HardFault_Handler)
    MX_ADC1_Init                             0x08005265   Thumb Code   108  adc.o(.text.MX_ADC1_Init)
    MX_DMA_Init                              0x080052d1   Thumb Code    94  dma.o(.text.MX_DMA_Init)
    MX_GPIO_Init                             0x08005331   Thumb Code   396  gpio.o(.text.MX_GPIO_Init)
    MX_SPI2_Init                             0x080054bd   Thumb Code    78  spi.o(.text.MX_SPI2_Init)
    MX_TIM1_Init                             0x0800550d   Thumb Code   136  tim.o(.text.MX_TIM1_Init)
    MX_TIM2_Init                             0x08005595   Thumb Code   212  tim.o(.text.MX_TIM2_Init)
    MX_TIM3_Init                             0x08005669   Thumb Code   214  tim.o(.text.MX_TIM3_Init)
    MX_USART2_UART_Init                      0x08005741   Thumb Code    64  usart.o(.text.MX_USART2_UART_Init)
    MemManage_Handler                        0x08005781   Thumb Code     4  stm32f1xx_it.o(.text.MemManage_Handler)
    NMI_Handler                              0x08005785   Thumb Code     4  stm32f1xx_it.o(.text.NMI_Handler)
    PendSV_Handler                           0x080057f5   Thumb Code     2  stm32f1xx_it.o(.text.PendSV_Handler)
    RF_Matching_Optimize                     0x08005859   Thumb Code   304  rf_matching.o(.text.RF_Matching_Optimize)
    Relay_Init                               0x08005989   Thumb Code    58  bsp_relay.o(.text.Relay_Init)
    Relay_Set_Combination                    0x080059c5   Thumb Code   106  bsp_relay.o(.text.Relay_Set_Combination)
    SVC_Handler                              0x08005a31   Thumb Code     2  stm32f1xx_it.o(.text.SVC_Handler)
    SysTick_Handler                          0x08005a89   Thumb Code    12  stm32f1xx_it.o(.text.SysTick_Handler)
    Sys_Ctrl_Init                            0x08005a95   Thumb Code    20  bsp_sys_ctrl.o(.text.Sys_Ctrl_Init)
    Sys_Start                                0x08005aa9   Thumb Code    22  bsp_sys_ctrl.o(.text.Sys_Start)
    Sys_Stop                                 0x08005ac1   Thumb Code    36  bsp_sys_ctrl.o(.text.Sys_Stop)
    SystemClock_Config                       0x08005ae5   Thumb Code   148  main.o(.text.SystemClock_Config)
    SystemInit                               0x08005b79   Thumb Code     2  system_stm32f1xx.o(.text.SystemInit)
    TIM1_UP_IRQHandler                       0x08005b7d   Thumb Code    16  stm32f1xx_it.o(.text.TIM1_UP_IRQHandler)
    TIM_Base_SetConfig                       0x08005b8d   Thumb Code   262  stm32f1xx_hal_tim.o(.text.TIM_Base_SetConfig)
    TIM_CCxChannelCmd                        0x08005c95   Thumb Code    54  stm32f1xx_hal_tim.o(.text.TIM_CCxChannelCmd)
    TIM_ETR_SetConfig                        0x08005ccd   Thumb Code    52  stm32f1xx_hal_tim.o(.text.TIM_ETR_SetConfig)
    TIM_OC2_SetConfig                        0x08005dfd   Thumb Code   216  stm32f1xx_hal_tim.o(.text.TIM_OC2_SetConfig)
    UART_Send_Reply                          0x0800650d   Thumb Code    72  command_parser.o(.text.UART_Send_Reply)
    UART_Start_Receive_DMA                   0x08006611   Thumb Code   268  stm32f1xx_hal_uart.o(.text.UART_Start_Receive_DMA)
    USART2_IRQHandler                        0x0800688d   Thumb Code    16  stm32f1xx_it.o(.text.USART2_IRQHandler)
    UsageFault_Handler                       0x0800689d   Thumb Code     4  stm32f1xx_it.o(.text.UsageFault_Handler)
    app_event_handler                        0x080069e1   Thumb Code   144  app_callbacks.o(.text.app_event_handler)
    app_event_init                           0x08006a71   Thumb Code    56  app_event.o(.text.app_event_init)
    app_event_process                        0x08006aa9   Thumb Code    38  app_event.o(.text.app_event_process)
    app_event_send                           0x08006ad1   Thumb Code    64  app_event.o(.text.app_event_send)
    bsp_multibutton_Init                     0x08006b11   Thumb Code   156  bsp_multibutton.o(.text.bsp_multibutton_Init)
    button_attach                            0x08006bad   Thumb Code    28  multi_button.o(.text.button_attach)
    button_init                              0x08006f05   Thumb Code   100  multi_button.o(.text.button_init)
    button_start                             0x08006f69   Thumb Code    80  multi_button.o(.text.button_start)
    button_ticks                             0x08006fb9   Thumb Code    44  multi_button.o(.text.button_ticks)
    led1_toggle                              0x08006fe5   Thumb Code    18  bsp_led.o(.text.led1_toggle)
    led2_toggle                              0x08006ff9   Thumb Code    18  bsp_led.o(.text.led2_toggle)
    lwrb_get_free                            0x0800700d   Thumb Code   102  lwrb.o(.text.lwrb_get_free)
    lwrb_get_full                            0x08007075   Thumb Code   100  lwrb.o(.text.lwrb_get_full)
    lwrb_init                                0x080070d9   Thumb Code    76  lwrb.o(.text.lwrb_init)
    lwrb_read                                0x08007125   Thumb Code    54  lwrb.o(.text.lwrb_read)
    lwrb_read_ex                             0x0800715d   Thumb Code   338  lwrb.o(.text.lwrb_read_ex)
    lwrb_skip                                0x080072b1   Thumb Code   162  lwrb.o(.text.lwrb_skip)
    lwrb_write                               0x08007355   Thumb Code    54  lwrb.o(.text.lwrb_write)
    lwrb_write_ex                            0x0800738d   Thumb Code   338  lwrb.o(.text.lwrb_write_ex)
    main                                     0x080074e1   Thumb Code   144  main.o(.text.main)
    multiTimerInstall                        0x08007571   Thumb Code    42  multitimer.o(.text.multiTimerInstall)
    multiTimerYield                          0x0800759d   Thumb Code   194  multitimer.o(.text.multiTimerYield)
    parse_ascii_command                      0x08007661   Thumb Code   450  command_parser.o(.text.parse_ascii_command)
    _btod_d2e                                0x08007895   Thumb Code    62  btod.o(CL$$btod_d2e)
    _d2e_denorm_low                          0x080078d3   Thumb Code    70  btod.o(CL$$btod_d2e_denorm_low)
    _d2e_norm_op1                            0x08007919   Thumb Code    96  btod.o(CL$$btod_d2e_norm_op1)
    __btod_div_common                        0x08007979   Thumb Code   696  btod.o(CL$$btod_div_common)
    _e2e                                     0x08007cb1   Thumb Code   220  btod.o(CL$$btod_e2e)
    _btod_ediv                               0x08007d8d   Thumb Code    42  btod.o(CL$$btod_ediv)
    _btod_emul                               0x08007db7   Thumb Code    42  btod.o(CL$$btod_emul)
    __btod_mult_common                       0x08007de1   Thumb Code   580  btod.o(CL$$btod_mult_common)
    __ARM_fpclassify                         0x08008025   Thumb Code    40  fpclassify.o(i.__ARM_fpclassify)
    _is_digit                                0x0800804d   Thumb Code    14  __printf_wp.o(i._is_digit)
    sqrtf                                    0x0800805b   Thumb Code    44  sqrtf.o(i.sqrtf)
    _get_lc_numeric                          0x08008089   Thumb Code    44  lc_numeric_c.o(locale$$code)
    _get_lc_ctype                            0x080080b5   Thumb Code    44  lc_ctype_c.o(locale$$code)
    __fpl_dretinf                            0x080080e1   Thumb Code    12  dretinf.o(x$fpl$dretinf)
    __aeabi_f2d                              0x080080ed   Thumb Code     0  f2d.o(x$fpl$f2d)
    _f2d                                     0x080080ed   Thumb Code    86  f2d.o(x$fpl$f2d)
    __aeabi_fadd                             0x08008145   Thumb Code     0  faddsub_clz.o(x$fpl$fadd)
    _fadd                                    0x08008145   Thumb Code   196  faddsub_clz.o(x$fpl$fadd)
    __aeabi_fcmpeq                           0x08008209   Thumb Code     0  fcmp.o(x$fpl$fcmp)
    _feq                                     0x08008209   Thumb Code    14  fcmp.o(x$fpl$fcmp)
    _fneq                                    0x08008217   Thumb Code    14  fcmp.o(x$fpl$fcmp)
    __aeabi_fcmpgt                           0x08008225   Thumb Code     0  fcmp.o(x$fpl$fcmp)
    _fgr                                     0x08008225   Thumb Code    14  fcmp.o(x$fpl$fcmp)
    __aeabi_fcmpge                           0x08008233   Thumb Code     0  fcmp.o(x$fpl$fcmp)
    _fgeq                                    0x08008233   Thumb Code    14  fcmp.o(x$fpl$fcmp)
    __aeabi_fcmple                           0x08008241   Thumb Code     0  fcmp.o(x$fpl$fcmp)
    _fleq                                    0x08008241   Thumb Code    14  fcmp.o(x$fpl$fcmp)
    __aeabi_fcmplt                           0x0800824f   Thumb Code     0  fcmp.o(x$fpl$fcmp)
    _fls                                     0x0800824f   Thumb Code    14  fcmp.o(x$fpl$fcmp)
    __fpl_fcmp_Inf                           0x0800825d   Thumb Code    24  fcmpi.o(x$fpl$fcmpinf)
    __aeabi_fdiv                             0x08008275   Thumb Code     0  fdiv.o(x$fpl$fdiv)
    _fdiv                                    0x08008275   Thumb Code   384  fdiv.o(x$fpl$fdiv)
    __aeabi_cfcmpeq                          0x080083f9   Thumb Code     0  feqf.o(x$fpl$feqf)
    _fcmpeq                                  0x080083f9   Thumb Code   104  feqf.o(x$fpl$feqf)
    __aeabi_f2uiz                            0x08008461   Thumb Code     0  ffixu.o(x$fpl$ffixu)
    _ffixu                                   0x08008461   Thumb Code    62  ffixu.o(x$fpl$ffixu)
    __aeabi_ui2f                             0x080084a1   Thumb Code     0  fflt_clz.o(x$fpl$ffltu)
    _ffltu                                   0x080084a1   Thumb Code    38  fflt_clz.o(x$fpl$ffltu)
    _fcmpge                                  0x080084c9   Thumb Code   104  fgeqf.o(x$fpl$fgeqf)
    __aeabi_cfcmple                          0x08008531   Thumb Code     0  fleqf.o(x$fpl$fleqf)
    _fcmple                                  0x08008531   Thumb Code   104  fleqf.o(x$fpl$fleqf)
    __fpl_fcmple_InfNaN                      0x08008583   Thumb Code     0  fleqf.o(x$fpl$fleqf)
    __aeabi_fmul                             0x08008599   Thumb Code     0  fmul.o(x$fpl$fmul)
    _fmul                                    0x08008599   Thumb Code   258  fmul.o(x$fpl$fmul)
    __fpl_fnaninf                            0x0800869b   Thumb Code   140  fnaninf.o(x$fpl$fnaninf)
    __fpl_fretinf                            0x08008727   Thumb Code    10  fretinf.o(x$fpl$fretinf)
    _fsqrt                                   0x08008731   Thumb Code   272  fsqrt.o(x$fpl$fsqrt)
    __aeabi_fsub                             0x08008841   Thumb Code     0  faddsub_clz.o(x$fpl$fsub)
    _fsub                                    0x08008841   Thumb Code   234  faddsub_clz.o(x$fpl$fsub)
    _printf_fp_dec                           0x0800892b   Thumb Code     4  printf1.o(x$fpl$printf1)
    _printf_fp_hex                           0x0800892f   Thumb Code     4  printf2.o(x$fpl$printf2)
    __I$use$fp                               0x08008932   Number         0  usenofp.o(x$fpl$usenofp)
    AHBPrescTable                            0x08008a30   Data          16  system_stm32f1xx.o(.rodata.AHBPrescTable)
    APBPrescTable                            0x08008a40   Data           8  system_stm32f1xx.o(.rodata.APBPrescTable)
    Region$$Table$$Base                      0x08008b58   Number         0  anon$$obj.o(Region$$Table)
    Region$$Table$$Limit                     0x08008b78   Number         0  anon$$obj.o(Region$$Table)
    __ctype                                  0x08008ba1   Data           0  lc_ctype_c.o(locale$$data)
    Best_vswr                                0x20000000   Data           4  rf_matching.o(.data.Best_vswr)
    SystemCoreClock                          0x20000004   Data           4  system_stm32f1xx.o(.data.SystemCoreClock)
    uwTickFreq                               0x20000008   Data           1  stm32f1xx_hal.o(.data.uwTickFreq)
    uwTickPrio                               0x2000000c   Data           4  stm32f1xx_hal.o(.data.uwTickPrio)
    __libspace_start                         0x20000010   Data          96  libspace.o(.bss)
    ADC_0                                    0x20000070   Data           2  rf_matching.o(.bss.ADC_0)
    __temporary_stack_top$libspace           0x20000070   Data           0  libspace.o(.bss)
    ADC_1                                    0x20000072   Data           2  rf_matching.o(.bss.ADC_1)
    UART_RX_BUFFER                           0x20000074   Data          64  app_callbacks.o(.bss.UART_RX_BUFFER)
    best_comb                                0x200000b4   Data           1  rf_matching.o(.bss.best_comb)
    btn_RF8                                  0x200000b8   Data          44  bsp_multibutton.o(.bss.btn_RF8)
    btn_sw1                                  0x200000e4   Data          44  bsp_multibutton.o(.bss.btn_sw1)
    btn_sw2                                  0x20000110   Data          44  bsp_multibutton.o(.bss.btn_sw2)
    count                                    0x2000013c   Data           1  rf_matching.o(.bss.count)
    fwd_raw                                  0x20000258   Data           4  rf_matching.o(.bss.fwd_raw)
    hadc1                                    0x20000268   Data          48  adc.o(.bss.hadc1)
    hdma_adc1                                0x20000298   Data          68  adc.o(.bss.hdma_adc1)
    hdma_usart2_rx                           0x200002dc   Data          68  usart.o(.bss.hdma_usart2_rx)
    hdma_usart2_tx                           0x20000320   Data          68  usart.o(.bss.hdma_usart2_tx)
    hspi2                                    0x20000368   Data          88  spi.o(.bss.hspi2)
    htim1                                    0x200003c0   Data          72  tim.o(.bss.htim1)
    htim2                                    0x20000408   Data          72  tim.o(.bss.htim2)
    htim3                                    0x20000450   Data          72  tim.o(.bss.htim3)
    huart2                                   0x20000498   Data          72  usart.o(.bss.huart2)
    rb_uart                                  0x200004e4   Data          24  bsp_ringbuffer.o(.bss.rb_uart)
    ref_raw                                  0x200004fc   Data           4  rf_matching.o(.bss.ref_raw)
    uwTick                                   0x20000504   Data           4  stm32f1xx_hal.o(.bss.uwTick)
    vswr_viewer                              0x20000508   Data           4  rf_matching.o(.bss.vswr_viewer)



==============================================================================

Memory Map of the image

  Image Entry point : 0x080000ed

  Load Region LR_IROM1 (Base: 0x08000000, Size: 0x00008cb8, Max: 0x00020000, ABSOLUTE)

    Execution Region ER_IROM1 (Exec base: 0x08000000, Load base: 0x08000000, Size: 0x00008ca4, Max: 0x00020000, ABSOLUTE)

    Exec Addr    Load Addr    Size         Type   Attr      Idx    E Section Name        Object

    0x08000000   0x08000000   0x000000ec   Data   RO            3    RESET               startup_stm32f103xb.o
    0x080000ec   0x080000ec   0x00000008   Code   RO         1591  * !!!main             c_w.l(__main.o)
    0x080000f4   0x080000f4   0x00000034   Code   RO         1981    !!!scatter          c_w.l(__scatter.o)
    0x08000128   0x08000128   0x0000001a   Code   RO         1983    !!handler_copy      c_w.l(__scatter_copy.o)
    0x08000142   0x08000142   0x00000002   PAD
    0x08000144   0x08000144   0x0000001c   Code   RO         1985    !!handler_zi        c_w.l(__scatter_zi.o)
    0x08000160   0x08000160   0x00000000   Code   RO         1709    .ARM.Collect$$_printf_percent$$00000000  c_w.l(_printf_percent.o)
    0x08000160   0x08000160   0x00000006   Code   RO         1698    .ARM.Collect$$_printf_percent$$00000001  c_w.l(_printf_n.o)
    0x08000166   0x08000166   0x00000006   Code   RO         1700    .ARM.Collect$$_printf_percent$$00000002  c_w.l(_printf_p.o)
    0x0800016c   0x0800016c   0x00000006   Code   RO         1705    .ARM.Collect$$_printf_percent$$00000003  c_w.l(_printf_f.o)
    0x08000172   0x08000172   0x00000006   Code   RO         1706    .ARM.Collect$$_printf_percent$$00000004  c_w.l(_printf_e.o)
    0x08000178   0x08000178   0x00000006   Code   RO         1707    .ARM.Collect$$_printf_percent$$00000005  c_w.l(_printf_g.o)
    0x0800017e   0x0800017e   0x00000006   Code   RO         1708    .ARM.Collect$$_printf_percent$$00000006  c_w.l(_printf_a.o)
    0x08000184   0x08000184   0x0000000a   Code   RO         1713    .ARM.Collect$$_printf_percent$$00000007  c_w.l(_printf_ll.o)
    0x0800018e   0x0800018e   0x00000006   Code   RO         1702    .ARM.Collect$$_printf_percent$$00000008  c_w.l(_printf_i.o)
    0x08000194   0x08000194   0x00000006   Code   RO         1703    .ARM.Collect$$_printf_percent$$00000009  c_w.l(_printf_d.o)
    0x0800019a   0x0800019a   0x00000006   Code   RO         1704    .ARM.Collect$$_printf_percent$$0000000A  c_w.l(_printf_u.o)
    0x080001a0   0x080001a0   0x00000006   Code   RO         1701    .ARM.Collect$$_printf_percent$$0000000B  c_w.l(_printf_o.o)
    0x080001a6   0x080001a6   0x00000006   Code   RO         1699    .ARM.Collect$$_printf_percent$$0000000C  c_w.l(_printf_x.o)
    0x080001ac   0x080001ac   0x00000006   Code   RO         1710    .ARM.Collect$$_printf_percent$$0000000D  c_w.l(_printf_lli.o)
    0x080001b2   0x080001b2   0x00000006   Code   RO         1711    .ARM.Collect$$_printf_percent$$0000000E  c_w.l(_printf_lld.o)
    0x080001b8   0x080001b8   0x00000006   Code   RO         1712    .ARM.Collect$$_printf_percent$$0000000F  c_w.l(_printf_llu.o)
    0x080001be   0x080001be   0x00000006   Code   RO         1717    .ARM.Collect$$_printf_percent$$00000010  c_w.l(_printf_llo.o)
    0x080001c4   0x080001c4   0x00000006   Code   RO         1718    .ARM.Collect$$_printf_percent$$00000011  c_w.l(_printf_llx.o)
    0x080001ca   0x080001ca   0x0000000a   Code   RO         1714    .ARM.Collect$$_printf_percent$$00000012  c_w.l(_printf_l.o)
    0x080001d4   0x080001d4   0x00000006   Code   RO         1696    .ARM.Collect$$_printf_percent$$00000013  c_w.l(_printf_c.o)
    0x080001da   0x080001da   0x00000006   Code   RO         1697    .ARM.Collect$$_printf_percent$$00000014  c_w.l(_printf_s.o)
    0x080001e0   0x080001e0   0x00000006   Code   RO         1715    .ARM.Collect$$_printf_percent$$00000015  c_w.l(_printf_lc.o)
    0x080001e6   0x080001e6   0x00000006   Code   RO         1716    .ARM.Collect$$_printf_percent$$00000016  c_w.l(_printf_ls.o)
    0x080001ec   0x080001ec   0x00000004   Code   RO         1781    .ARM.Collect$$_printf_percent$$00000017  c_w.l(_printf_percent_end.o)
    0x080001f0   0x080001f0   0x00000002   Code   RO         1837    .ARM.Collect$$libinit$$00000000  c_w.l(libinit.o)
    0x080001f2   0x080001f2   0x00000000   Code   RO         1850    .ARM.Collect$$libinit$$00000002  c_w.l(libinit2.o)
    0x080001f2   0x080001f2   0x00000000   Code   RO         1852    .ARM.Collect$$libinit$$00000004  c_w.l(libinit2.o)
    0x080001f2   0x080001f2   0x00000000   Code   RO         1855    .ARM.Collect$$libinit$$0000000A  c_w.l(libinit2.o)
    0x080001f2   0x080001f2   0x00000000   Code   RO         1857    .ARM.Collect$$libinit$$0000000C  c_w.l(libinit2.o)
    0x080001f2   0x080001f2   0x00000000   Code   RO         1859    .ARM.Collect$$libinit$$0000000E  c_w.l(libinit2.o)
    0x080001f2   0x080001f2   0x00000006   Code   RO         1860    .ARM.Collect$$libinit$$0000000F  c_w.l(libinit2.o)
    0x080001f8   0x080001f8   0x00000000   Code   RO         1862    .ARM.Collect$$libinit$$00000011  c_w.l(libinit2.o)
    0x080001f8   0x080001f8   0x0000000c   Code   RO         1863    .ARM.Collect$$libinit$$00000012  c_w.l(libinit2.o)
    0x08000204   0x08000204   0x00000000   Code   RO         1864    .ARM.Collect$$libinit$$00000013  c_w.l(libinit2.o)
    0x08000204   0x08000204   0x00000000   Code   RO         1866    .ARM.Collect$$libinit$$00000015  c_w.l(libinit2.o)
    0x08000204   0x08000204   0x0000000a   Code   RO         1867    .ARM.Collect$$libinit$$00000016  c_w.l(libinit2.o)
    0x0800020e   0x0800020e   0x00000000   Code   RO         1868    .ARM.Collect$$libinit$$00000017  c_w.l(libinit2.o)
    0x0800020e   0x0800020e   0x00000000   Code   RO         1870    .ARM.Collect$$libinit$$00000019  c_w.l(libinit2.o)
    0x0800020e   0x0800020e   0x00000000   Code   RO         1872    .ARM.Collect$$libinit$$0000001B  c_w.l(libinit2.o)
    0x0800020e   0x0800020e   0x00000000   Code   RO         1874    .ARM.Collect$$libinit$$0000001D  c_w.l(libinit2.o)
    0x0800020e   0x0800020e   0x00000000   Code   RO         1876    .ARM.Collect$$libinit$$0000001F  c_w.l(libinit2.o)
    0x0800020e   0x0800020e   0x00000000   Code   RO         1878    .ARM.Collect$$libinit$$00000021  c_w.l(libinit2.o)
    0x0800020e   0x0800020e   0x00000000   Code   RO         1880    .ARM.Collect$$libinit$$00000023  c_w.l(libinit2.o)
    0x0800020e   0x0800020e   0x00000000   Code   RO         1882    .ARM.Collect$$libinit$$00000025  c_w.l(libinit2.o)
    0x0800020e   0x0800020e   0x00000000   Code   RO         1886    .ARM.Collect$$libinit$$0000002C  c_w.l(libinit2.o)
    0x0800020e   0x0800020e   0x00000000   Code   RO         1888    .ARM.Collect$$libinit$$0000002E  c_w.l(libinit2.o)
    0x0800020e   0x0800020e   0x00000000   Code   RO         1890    .ARM.Collect$$libinit$$00000030  c_w.l(libinit2.o)
    0x0800020e   0x0800020e   0x00000000   Code   RO         1892    .ARM.Collect$$libinit$$00000032  c_w.l(libinit2.o)
    0x0800020e   0x0800020e   0x00000002   Code   RO         1893    .ARM.Collect$$libinit$$00000033  c_w.l(libinit2.o)
    0x08000210   0x08000210   0x00000002   Code   RO         1917    .ARM.Collect$$libshutdown$$00000000  c_w.l(libshutdown.o)
    0x08000212   0x08000212   0x00000000   Code   RO         1932    .ARM.Collect$$libshutdown$$00000002  c_w.l(libshutdown2.o)
    0x08000212   0x08000212   0x00000000   Code   RO         1934    .ARM.Collect$$libshutdown$$00000004  c_w.l(libshutdown2.o)
    0x08000212   0x08000212   0x00000000   Code   RO         1937    .ARM.Collect$$libshutdown$$00000007  c_w.l(libshutdown2.o)
    0x08000212   0x08000212   0x00000000   Code   RO         1940    .ARM.Collect$$libshutdown$$0000000A  c_w.l(libshutdown2.o)
    0x08000212   0x08000212   0x00000000   Code   RO         1942    .ARM.Collect$$libshutdown$$0000000C  c_w.l(libshutdown2.o)
    0x08000212   0x08000212   0x00000000   Code   RO         1945    .ARM.Collect$$libshutdown$$0000000F  c_w.l(libshutdown2.o)
    0x08000212   0x08000212   0x00000002   Code   RO         1946    .ARM.Collect$$libshutdown$$00000010  c_w.l(libshutdown2.o)
    0x08000214   0x08000214   0x00000000   Code   RO         1623    .ARM.Collect$$rtentry$$00000000  c_w.l(__rtentry.o)
    0x08000214   0x08000214   0x00000000   Code   RO         1745    .ARM.Collect$$rtentry$$00000002  c_w.l(__rtentry2.o)
    0x08000214   0x08000214   0x00000006   Code   RO         1757    .ARM.Collect$$rtentry$$00000004  c_w.l(__rtentry4.o)
    0x0800021a   0x0800021a   0x00000000   Code   RO         1747    .ARM.Collect$$rtentry$$00000009  c_w.l(__rtentry2.o)
    0x0800021a   0x0800021a   0x00000004   Code   RO         1748    .ARM.Collect$$rtentry$$0000000A  c_w.l(__rtentry2.o)
    0x0800021e   0x0800021e   0x00000000   Code   RO         1750    .ARM.Collect$$rtentry$$0000000C  c_w.l(__rtentry2.o)
    0x0800021e   0x0800021e   0x00000008   Code   RO         1751    .ARM.Collect$$rtentry$$0000000D  c_w.l(__rtentry2.o)
    0x08000226   0x08000226   0x00000002   Code   RO         1842    .ARM.Collect$$rtexit$$00000000  c_w.l(rtexit.o)
    0x08000228   0x08000228   0x00000000   Code   RO         1895    .ARM.Collect$$rtexit$$00000002  c_w.l(rtexit2.o)
    0x08000228   0x08000228   0x00000004   Code   RO         1896    .ARM.Collect$$rtexit$$00000003  c_w.l(rtexit2.o)
    0x0800022c   0x0800022c   0x00000006   Code   RO         1897    .ARM.Collect$$rtexit$$00000004  c_w.l(rtexit2.o)
    0x08000232   0x08000232   0x00000002   PAD
    0x08000234   0x08000234   0x00000040   Code   RO            4    .text               startup_stm32f103xb.o
    0x08000274   0x08000274   0x00000034   Code   RO         1577    .text               c_w.l(vsnprintf.o)
    0x080002a8   0x080002a8   0x0000001e   Code   RO         1579    .text               c_w.l(strpbrk.o)
    0x080002c6   0x080002c6   0x00000096   Code   RO         1581    .text               c_w.l(strncmp.o)
    0x0800035c   0x0800035c   0x0000008a   Code   RO         1583    .text               c_w.l(rt_memcpy_v6.o)
    0x080003e6   0x080003e6   0x0000004e   Code   RO         1585    .text               c_w.l(rt_memclr_w.o)
    0x08000434   0x08000434   0x00000080   Code   RO         1587    .text               c_w.l(strcmpv7m.o)
    0x080004b4   0x080004b4   0x00000006   Code   RO         1589    .text               c_w.l(heapauxi.o)
    0x080004ba   0x080004ba   0x00000016   Code   RO         1624    .text               c_w.l(_rserrno.o)
    0x080004d0   0x080004d0   0x0000004e   Code   RO         1628    .text               c_w.l(_printf_pad.o)
    0x0800051e   0x0800051e   0x00000024   Code   RO         1630    .text               c_w.l(_printf_truncate.o)
    0x08000542   0x08000542   0x00000052   Code   RO         1632    .text               c_w.l(_printf_str.o)
    0x08000594   0x08000594   0x00000078   Code   RO         1634    .text               c_w.l(_printf_dec.o)
    0x0800060c   0x0800060c   0x00000028   Code   RO         1636    .text               c_w.l(_printf_charcount.o)
    0x08000634   0x08000634   0x00000030   Code   RO         1638    .text               c_w.l(_printf_char_common.o)
    0x08000664   0x08000664   0x0000000a   Code   RO         1640    .text               c_w.l(_sputc.o)
    0x0800066e   0x0800066e   0x00000010   Code   RO         1642    .text               c_w.l(_snputc.o)
    0x0800067e   0x0800067e   0x00000002   PAD
    0x08000680   0x08000680   0x000000bc   Code   RO         1644    .text               c_w.l(_printf_wctomb.o)
    0x0800073c   0x0800073c   0x0000007c   Code   RO         1647    .text               c_w.l(_printf_longlong_dec.o)
    0x080007b8   0x080007b8   0x00000070   Code   RO         1653    .text               c_w.l(_printf_oct_int_ll.o)
    0x08000828   0x08000828   0x00000094   Code   RO         1673    .text               c_w.l(_printf_hex_int_ll_ptr.o)
    0x080008bc   0x080008bc   0x00000188   Code   RO         1693    .text               c_w.l(__printf_flags_ss_wp.o)
    0x08000a44   0x08000a44   0x00000064   Code   RO         1719    .text               c_w.l(rt_memcpy_w.o)
    0x08000aa8   0x08000aa8   0x00000008   Code   RO         1762    .text               c_w.l(rt_errno_addr_intlibspace.o)
    0x08000ab0   0x08000ab0   0x0000008a   Code   RO         1764    .text               c_w.l(lludiv10.o)
    0x08000b3a   0x08000b3a   0x000000b2   Code   RO         1766    .text               c_w.l(_printf_intcommon.o)
    0x08000bec   0x08000bec   0x0000041c   Code   RO         1768    .text               c_w.l(_printf_fp_dec.o)
    0x08001008   0x08001008   0x000002fc   Code   RO         1772    .text               c_w.l(_printf_fp_hex.o)
    0x08001304   0x08001304   0x0000002c   Code   RO         1777    .text               c_w.l(_printf_char.o)
    0x08001330   0x08001330   0x0000002c   Code   RO         1779    .text               c_w.l(_printf_wchar.o)
    0x0800135c   0x0800135c   0x00000048   Code   RO         1782    .text               c_w.l(_c16rtomb.o)
    0x080013a4   0x080013a4   0x00000008   Code   RO         1786    .text               c_w.l(libspace.o)
    0x080013ac   0x080013ac   0x0000004a   Code   RO         1789    .text               c_w.l(sys_stackheap_outer.o)
    0x080013f6   0x080013f6   0x00000002   PAD
    0x080013f8   0x080013f8   0x00000010   Code   RO         1791    .text               c_w.l(rt_ctype_table.o)
    0x08001408   0x08001408   0x00000008   Code   RO         1796    .text               c_w.l(rt_locale_intlibspace.o)
    0x08001410   0x08001410   0x00000080   Code   RO         1798    .text               c_w.l(_printf_fp_infnan.o)
    0x08001490   0x08001490   0x000000e4   Code   RO         1800    .text               c_w.l(bigflt0.o)
    0x08001574   0x08001574   0x00000012   Code   RO         1830    .text               c_w.l(exit.o)
    0x08001586   0x08001586   0x00000002   PAD
    0x08001588   0x08001588   0x0000000c   Code   RO         1907    .text               c_w.l(sys_exit.o)
    0x08001594   0x08001594   0x00000002   Code   RO         1922    .text               c_w.l(use_no_semi.o)
    0x08001596   0x08001596   0x00000000   Code   RO         1924    .text               c_w.l(indicate_semi.o)
    0x08001596   0x08001596   0x00000002   PAD
    0x08001598   0x08001598   0x00000082   Code   RO          170    .text.ADC_ConversionStop_Disable  stm32f1xx_hal_adc.o
    0x0800161a   0x0800161a   0x00000002   PAD
    0x0800161c   0x0800161c   0x000000bc   Code   RO          178    .text.ADC_Enable    stm32f1xx_hal_adc.o
    0x080016d8   0x080016d8   0x00000018   Code   RO         1413    .text.BSP_SoftTimer_IncTick  bsp_soft_timer.o
    0x080016f0   0x080016f0   0x00000010   Code   RO         1415    .text.BSP_SoftTimer_Init  bsp_soft_timer.o
    0x08001700   0x08001700   0x00000008   Code   RO         1419    .text.BSP_SoftTimer_Process  bsp_soft_timer.o
    0x08001708   0x08001708   0x00000008   Code   RO         1385    .text.BTN_EXTERNAL_PRESS_DOWN_Handler  bsp_multibutton.o
    0x08001710   0x08001710   0x00000016   Code   RO         1383    .text.BTN_ONBOARD_PRESS_DOWN_Handler  bsp_multibutton.o
    0x08001726   0x08001726   0x00000002   PAD
    0x08001728   0x08001728   0x00000016   Code   RO         1387    .text.BTN_RF8_PRESS_DOWN_Handler  bsp_multibutton.o
    0x0800173e   0x0800173e   0x00000002   PAD
    0x08001740   0x08001740   0x00000004   Code   RO          116    .text.BusFault_Handler  stm32f1xx_it.o
    0x08001744   0x08001744   0x00000040   Code   RO         1508    .text.Calculate_VSWR_Linear  rf_matching.o
    0x08001784   0x08001784   0x000000be   Code   RO         1493    .text.Cool_Pulse_ctr  bsp_sys_ctrl.o
    0x08001842   0x08001842   0x00000002   PAD
    0x08001844   0x08001844   0x00000010   Code   RO          128    .text.DMA1_Channel1_IRQHandler  stm32f1xx_it.o
    0x08001854   0x08001854   0x00000010   Code   RO          130    .text.DMA1_Channel6_IRQHandler  stm32f1xx_it.o
    0x08001864   0x08001864   0x00000010   Code   RO          132    .text.DMA1_Channel7_IRQHandler  stm32f1xx_it.o
    0x08001874   0x08001874   0x00000050   Code   RO          403    .text.DMA_SetConfig  stm32f1xx_hal_dma.o
    0x080018c4   0x080018c4   0x0000004c   Code   RO         1288    .text.DWT_Delay_us  dwt_delay.o
    0x08001910   0x08001910   0x0000002e   Code   RO         1286    .text.DWT_Init      dwt_delay.o
    0x0800193e   0x0800193e   0x00000002   PAD
    0x08001940   0x08001940   0x00000002   Code   RO          122    .text.DebugMon_Handler  stm32f1xx_it.o
    0x08001942   0x08001942   0x00000002   PAD
    0x08001944   0x08001944   0x0000000e   Code   RO           15    .text.Error_Handler  main.o
    0x08001952   0x08001952   0x00000002   PAD
    0x08001954   0x08001954   0x00000068   Code   RO         1369    .text.Fan_SetSpeed_PID_Turn_Off  bsp_fan_pid.o
    0x080019bc   0x080019bc   0x00000096   Code   RO         1502    .text.Get_ADC_Average  rf_matching.o
    0x08001a52   0x08001a52   0x00000002   PAD
    0x08001a54   0x08001a54   0x0000018a   Code   RO          227    .text.HAL_ADCEx_Calibration_Start  stm32f1xx_hal_adc_ex.o
    0x08001bde   0x08001bde   0x00000002   PAD
    0x08001be0   0x08001be0   0x000001b4   Code   RO          212    .text.HAL_ADC_ConfigChannel  stm32f1xx_hal_adc.o
    0x08001d94   0x08001d94   0x0000000e   Code   RO          200    .text.HAL_ADC_GetValue  stm32f1xx_hal_adc.o
    0x08001da2   0x08001da2   0x00000002   PAD
    0x08001da4   0x08001da4   0x00000212   Code   RO          166    .text.HAL_ADC_Init  stm32f1xx_hal_adc.o
    0x08001fb6   0x08001fb6   0x00000002   PAD
    0x08001fb8   0x08001fb8   0x000000ca   Code   RO           37    .text.HAL_ADC_MspInit  adc.o
    0x08002082   0x08002082   0x00000002   PAD
    0x08002084   0x08002084   0x00000284   Code   RO          182    .text.HAL_ADC_PollForConversion  stm32f1xx_hal_adc.o
    0x08002308   0x08002308   0x000001b6   Code   RO          176    .text.HAL_ADC_Start  stm32f1xx_hal_adc.o
    0x080024be   0x080024be   0x00000002   PAD
    0x080024c0   0x080024c0   0x00000070   Code   RO          180    .text.HAL_ADC_Stop  stm32f1xx_hal_adc.o
    0x08002530   0x08002530   0x0000007c   Code   RO          407    .text.HAL_DMA_Abort  stm32f1xx_hal_dma.o
    0x080025ac   0x080025ac   0x0000011c   Code   RO          409    .text.HAL_DMA_Abort_IT  stm32f1xx_hal_dma.o
    0x080026c8   0x080026c8   0x00000286   Code   RO          413    .text.HAL_DMA_IRQHandler  stm32f1xx_hal_dma.o
    0x0800294e   0x0800294e   0x00000002   PAD
    0x08002950   0x08002950   0x000000ae   Code   RO          397    .text.HAL_DMA_Init  stm32f1xx_hal_dma.o
    0x080029fe   0x080029fe   0x00000002   PAD
    0x08002a00   0x08002a00   0x000000ca   Code   RO          405    .text.HAL_DMA_Start_IT  stm32f1xx_hal_dma.o
    0x08002aca   0x08002aca   0x00000002   PAD
    0x08002acc   0x08002acc   0x00000042   Code   RO          280    .text.HAL_Delay     stm32f1xx_hal.o
    0x08002b0e   0x08002b0e   0x00000002   PAD
    0x08002b10   0x08002b10   0x0000031e   Code   RO          374    .text.HAL_GPIO_Init  stm32f1xx_hal_gpio.o
    0x08002e2e   0x08002e2e   0x00000002   PAD
    0x08002e30   0x08002e30   0x0000002e   Code   RO          378    .text.HAL_GPIO_ReadPin  stm32f1xx_hal_gpio.o
    0x08002e5e   0x08002e5e   0x00000002   PAD
    0x08002e60   0x08002e60   0x0000002e   Code   RO          380    .text.HAL_GPIO_WritePin  stm32f1xx_hal_gpio.o
    0x08002e8e   0x08002e8e   0x00000002   PAD
    0x08002e90   0x08002e90   0x0000000c   Code   RO          272    .text.HAL_GetTick   stm32f1xx_hal.o
    0x08002e9c   0x08002e9c   0x0000001a   Code   RO          270    .text.HAL_IncTick   stm32f1xx_hal.o
    0x08002eb6   0x08002eb6   0x00000002   PAD
    0x08002eb8   0x08002eb8   0x00000026   Code   RO          260    .text.HAL_Init      stm32f1xx_hal.o
    0x08002ede   0x08002ede   0x00000002   PAD
    0x08002ee0   0x08002ee0   0x00000070   Code   RO          262    .text.HAL_InitTick  stm32f1xx_hal.o
    0x08002f50   0x08002f50   0x00000064   Code   RO          145    .text.HAL_MspInit   stm32f1xx_hal_msp.o
    0x08002fb4   0x08002fb4   0x00000014   Code   RO          442    .text.HAL_NVIC_EnableIRQ  stm32f1xx_hal_cortex.o
    0x08002fc8   0x08002fc8   0x00000032   Code   RO          434    .text.HAL_NVIC_SetPriority  stm32f1xx_hal_cortex.o
    0x08002ffa   0x08002ffa   0x00000002   PAD
    0x08002ffc   0x08002ffc   0x00000010   Code   RO          430    .text.HAL_NVIC_SetPriorityGrouping  stm32f1xx_hal_cortex.o
    0x0800300c   0x0800300c   0x0000019a   Code   RO          363    .text.HAL_RCCEx_GetPeriphCLKFreq  stm32f1xx_hal_rcc_ex.o
    0x080031a6   0x080031a6   0x00000002   PAD
    0x080031a8   0x080031a8   0x000001c8   Code   RO          359    .text.HAL_RCCEx_PeriphCLKConfig  stm32f1xx_hal_rcc_ex.o
    0x08003370   0x08003370   0x00000256   Code   RO          326    .text.HAL_RCC_ClockConfig  stm32f1xx_hal_rcc.o
    0x080035c6   0x080035c6   0x00000002   PAD
    0x080035c8   0x080035c8   0x0000000c   Code   RO          336    .text.HAL_RCC_GetHCLKFreq  stm32f1xx_hal_rcc.o
    0x080035d4   0x080035d4   0x00000022   Code   RO          338    .text.HAL_RCC_GetPCLK1Freq  stm32f1xx_hal_rcc.o
    0x080035f6   0x080035f6   0x00000002   PAD
    0x080035f8   0x080035f8   0x00000022   Code   RO          340    .text.HAL_RCC_GetPCLK2Freq  stm32f1xx_hal_rcc.o
    0x0800361a   0x0800361a   0x00000002   PAD
    0x0800361c   0x0800361c   0x000000bc   Code   RO          328    .text.HAL_RCC_GetSysClockFreq  stm32f1xx_hal_rcc.o
    0x080036d8   0x080036d8   0x0000067a   Code   RO          322    .text.HAL_RCC_OscConfig  stm32f1xx_hal_rcc.o
    0x08003d52   0x08003d52   0x00000002   PAD
    0x08003d54   0x08003d54   0x000000f8   Code   RO          638    .text.HAL_SPI_Init  stm32f1xx_hal_spi.o
    0x08003e4c   0x08003e4c   0x00000098   Code   RO           60    .text.HAL_SPI_MspInit  spi.o
    0x08003ee4   0x08003ee4   0x00000010   Code   RO          454    .text.HAL_SYSTICK_Config  stm32f1xx_hal_cortex.o
    0x08003ef4   0x08003ef4   0x00000008   Code   RO         1078    .text.HAL_TIMEx_BreakCallback  stm32f1xx_hal_tim_ex.o
    0x08003efc   0x08003efc   0x00000008   Code   RO         1074    .text.HAL_TIMEx_CommutCallback  stm32f1xx_hal_tim_ex.o
    0x08003f04   0x08003f04   0x000000dc   Code   RO         1068    .text.HAL_TIMEx_MasterConfigSynchronization  stm32f1xx_hal_tim_ex.o
    0x08003fe0   0x08003fe0   0x0000009c   Code   RO          755    .text.HAL_TIM_Base_Init  stm32f1xx_hal_tim.o
    0x0800407c   0x0800407c   0x000000b0   Code   RO           80    .text.HAL_TIM_Base_MspInit  tim.o
    0x0800412c   0x0800412c   0x000000b0   Code   RO          769    .text.HAL_TIM_Base_Start_IT  stm32f1xx_hal_tim.o
    0x080041dc   0x080041dc   0x00000184   Code   RO          947    .text.HAL_TIM_ConfigClockSource  stm32f1xx_hal_tim.o
    0x08004360   0x08004360   0x00000008   Code   RO          891    .text.HAL_TIM_IC_CaptureCallback  stm32f1xx_hal_tim.o
    0x08004368   0x08004368   0x0000021a   Code   RO          889    .text.HAL_TIM_IRQHandler  stm32f1xx_hal_tim.o
    0x08004582   0x08004582   0x00000002   PAD
    0x08004584   0x08004584   0x000000d4   Code   RO           76    .text.HAL_TIM_MspPostInit  tim.o
    0x08004658   0x08004658   0x00000008   Code   RO          893    .text.HAL_TIM_OC_DelayElapsedCallback  stm32f1xx_hal_tim.o
    0x08004660   0x08004660   0x00000142   Code   RO          921    .text.HAL_TIM_PWM_ConfigChannel  stm32f1xx_hal_tim.o
    0x080047a2   0x080047a2   0x00000002   PAD
    0x080047a4   0x080047a4   0x0000009c   Code   RO          809    .text.HAL_TIM_PWM_Init  stm32f1xx_hal_tim.o
    0x08004840   0x08004840   0x00000008   Code   RO          811    .text.HAL_TIM_PWM_MspInit  stm32f1xx_hal_tim.o
    0x08004848   0x08004848   0x00000008   Code   RO          895    .text.HAL_TIM_PWM_PulseFinishedCallback  stm32f1xx_hal_tim.o
    0x08004850   0x08004850   0x00000160   Code   RO          817    .text.HAL_TIM_PWM_Start  stm32f1xx_hal_tim.o
    0x080049b0   0x080049b0   0x00000022   Code   RO         1429    .text.HAL_TIM_PeriodElapsedCallback  app_callbacks.o
    0x080049d2   0x080049d2   0x00000002   PAD
    0x080049d4   0x080049d4   0x00000008   Code   RO          899    .text.HAL_TIM_TriggerCallback  stm32f1xx_hal_tim.o
    0x080049dc   0x080049dc   0x000000b8   Code   RO         1145    .text.HAL_UARTEx_ReceiveToIdle_DMA  stm32f1xx_hal_uart.o
    0x08004a94   0x08004a94   0x00000062   Code   RO         1437    .text.HAL_UARTEx_RxEventCallback  app_callbacks.o
    0x08004af6   0x08004af6   0x00000002   PAD
    0x08004af8   0x08004af8   0x00000008   Code   RO         1435    .text.HAL_UART_ErrorCallback  app_callbacks.o
    0x08004b00   0x08004b00   0x0000042a   Code   RO         1175    .text.HAL_UART_IRQHandler  stm32f1xx_hal_uart.o
    0x08004f2a   0x08004f2a   0x00000002   PAD
    0x08004f2c   0x08004f2c   0x0000009e   Code   RO         1091    .text.HAL_UART_Init  stm32f1xx_hal_uart.o
    0x08004fca   0x08004fca   0x00000002   PAD
    0x08004fcc   0x08004fcc   0x00000138   Code   RO           96    .text.HAL_UART_MspInit  usart.o
    0x08005104   0x08005104   0x00000008   Code   RO         1431    .text.HAL_UART_RxCpltCallback  app_callbacks.o
    0x0800510c   0x0800510c   0x00000008   Code   RO         1195    .text.HAL_UART_RxHalfCpltCallback  stm32f1xx_hal_uart.o
    0x08005114   0x08005114   0x00000130   Code   RO         1107    .text.HAL_UART_Transmit  stm32f1xx_hal_uart.o
    0x08005244   0x08005244   0x0000001c   Code   RO         1439    .text.HAL_UART_TxCpltCallback  app_callbacks.o
    0x08005260   0x08005260   0x00000004   Code   RO          112    .text.HardFault_Handler  stm32f1xx_it.o
    0x08005264   0x08005264   0x0000006c   Code   RO           35    .text.MX_ADC1_Init  adc.o
    0x080052d0   0x080052d0   0x0000005e   Code   RO           50    .text.MX_DMA_Init   dma.o
    0x0800532e   0x0800532e   0x00000002   PAD
    0x08005330   0x08005330   0x0000018c   Code   RO           27    .text.MX_GPIO_Init  gpio.o
    0x080054bc   0x080054bc   0x0000004e   Code   RO           58    .text.MX_SPI2_Init  spi.o
    0x0800550a   0x0800550a   0x00000002   PAD
    0x0800550c   0x0800550c   0x00000088   Code   RO           72    .text.MX_TIM1_Init  tim.o
    0x08005594   0x08005594   0x000000d4   Code   RO           74    .text.MX_TIM2_Init  tim.o
    0x08005668   0x08005668   0x000000d6   Code   RO           78    .text.MX_TIM3_Init  tim.o
    0x0800573e   0x0800573e   0x00000002   PAD
    0x08005740   0x08005740   0x00000040   Code   RO           94    .text.MX_USART2_UART_Init  usart.o
    0x08005780   0x08005780   0x00000004   Code   RO          114    .text.MemManage_Handler  stm32f1xx_it.o
    0x08005784   0x08005784   0x00000004   Code   RO          110    .text.NMI_Handler   stm32f1xx_it.o
    0x08005788   0x08005788   0x0000006c   Code   RO          440    .text.NVIC_EncodePriority  stm32f1xx_hal_cortex.o
    0x080057f4   0x080057f4   0x00000002   Code   RO          124    .text.PendSV_Handler  stm32f1xx_it.o
    0x080057f6   0x080057f6   0x00000002   PAD
    0x080057f8   0x080057f8   0x00000024   Code   RO         1417    .text.PlatformTicks_Get  bsp_soft_timer.o
    0x0800581c   0x0800581c   0x0000003a   Code   RO          324    .text.RCC_Delay     stm32f1xx_hal_rcc.o
    0x08005856   0x08005856   0x00000002   PAD
    0x08005858   0x08005858   0x00000130   Code   RO         1504    .text.RF_Matching_Optimize  rf_matching.o
    0x08005988   0x08005988   0x0000003a   Code   RO         1475    .text.Relay_Init    bsp_relay.o
    0x080059c2   0x080059c2   0x00000002   PAD
    0x080059c4   0x080059c4   0x0000006a   Code   RO         1477    .text.Relay_Set_Combination  bsp_relay.o
    0x08005a2e   0x08005a2e   0x00000002   PAD
    0x08005a30   0x08005a30   0x00000002   Code   RO          120    .text.SVC_Handler   stm32f1xx_it.o
    0x08005a32   0x08005a32   0x00000002   PAD
    0x08005a34   0x08005a34   0x00000052   Code   RO          456    .text.SysTick_Config  stm32f1xx_hal_cortex.o
    0x08005a86   0x08005a86   0x00000002   PAD
    0x08005a88   0x08005a88   0x0000000c   Code   RO          126    .text.SysTick_Handler  stm32f1xx_it.o
    0x08005a94   0x08005a94   0x00000014   Code   RO         1487    .text.Sys_Ctrl_Init  bsp_sys_ctrl.o
    0x08005aa8   0x08005aa8   0x00000016   Code   RO         1489    .text.Sys_Start     bsp_sys_ctrl.o
    0x08005abe   0x08005abe   0x00000002   PAD
    0x08005ac0   0x08005ac0   0x00000024   Code   RO         1491    .text.Sys_Stop      bsp_sys_ctrl.o
    0x08005ae4   0x08005ae4   0x00000094   Code   RO           13    .text.SystemClock_Config  main.o
    0x08005b78   0x08005b78   0x00000002   Code   RO         1222    .text.SystemInit    system_stm32f1xx.o
    0x08005b7a   0x08005b7a   0x00000002   PAD
    0x08005b7c   0x08005b7c   0x00000010   Code   RO          134    .text.TIM1_UP_IRQHandler  stm32f1xx_it.o
    0x08005b8c   0x08005b8c   0x00000106   Code   RO          759    .text.TIM_Base_SetConfig  stm32f1xx_hal_tim.o
    0x08005c92   0x08005c92   0x00000002   PAD
    0x08005c94   0x08005c94   0x00000036   Code   RO          793    .text.TIM_CCxChannelCmd  stm32f1xx_hal_tim.o
    0x08005cca   0x08005cca   0x00000002   PAD
    0x08005ccc   0x08005ccc   0x00000034   Code   RO          945    .text.TIM_ETR_SetConfig  stm32f1xx_hal_tim.o
    0x08005d00   0x08005d00   0x0000002a   Code   RO          951    .text.TIM_ITRx_SetConfig  stm32f1xx_hal_tim.o
    0x08005d2a   0x08005d2a   0x00000002   PAD
    0x08005d2c   0x08005d2c   0x000000ce   Code   RO          903    .text.TIM_OC1_SetConfig  stm32f1xx_hal_tim.o
    0x08005dfa   0x08005dfa   0x00000002   PAD
    0x08005dfc   0x08005dfc   0x000000d8   Code   RO          905    .text.TIM_OC2_SetConfig  stm32f1xx_hal_tim.o
    0x08005ed4   0x08005ed4   0x000000d6   Code   RO          907    .text.TIM_OC3_SetConfig  stm32f1xx_hal_tim.o
    0x08005faa   0x08005faa   0x00000002   PAD
    0x08005fac   0x08005fac   0x00000096   Code   RO          909    .text.TIM_OC4_SetConfig  stm32f1xx_hal_tim.o
    0x08006042   0x08006042   0x00000002   PAD
    0x08006044   0x08006044   0x00000050   Code   RO          949    .text.TIM_TI1_ConfigInputStage  stm32f1xx_hal_tim.o
    0x08006094   0x08006094   0x00000052   Code   RO          953    .text.TIM_TI2_ConfigInputStage  stm32f1xx_hal_tim.o
    0x080060e6   0x080060e6   0x00000002   PAD
    0x080060e8   0x080060e8   0x00000020   Code   RO         1179    .text.UART_DMAAbortOnError  stm32f1xx_hal_uart.o
    0x08006108   0x08006108   0x0000007c   Code   RO         1125    .text.UART_DMAError  stm32f1xx_hal_uart.o
    0x08006184   0x08006184   0x000000f4   Code   RO         1211    .text.UART_DMAReceiveCplt  stm32f1xx_hal_uart.o
    0x08006278   0x08006278   0x00000034   Code   RO         1213    .text.UART_DMARxHalfCplt  stm32f1xx_hal_uart.o
    0x080062ac   0x080062ac   0x00000094   Code   RO         1139    .text.UART_EndRxTransfer  stm32f1xx_hal_uart.o
    0x08006340   0x08006340   0x00000026   Code   RO         1187    .text.UART_EndTransmit_IT  stm32f1xx_hal_uart.o
    0x08006366   0x08006366   0x00000002   PAD
    0x08006368   0x08006368   0x00000036   Code   RO         1137    .text.UART_EndTxTransfer  stm32f1xx_hal_uart.o
    0x0800639e   0x0800639e   0x00000002   PAD
    0x080063a0   0x080063a0   0x0000016a   Code   RO         1177    .text.UART_Receive_IT  stm32f1xx_hal_uart.o
    0x0800650a   0x0800650a   0x00000002   PAD
    0x0800650c   0x0800650c   0x00000048   Code   RO         1526    .text.UART_Send_Reply  command_parser.o
    0x08006554   0x08006554   0x000000ba   Code   RO         1095    .text.UART_SetConfig  stm32f1xx_hal_uart.o
    0x0800660e   0x0800660e   0x00000002   PAD
    0x08006610   0x08006610   0x0000010c   Code   RO         1129    .text.UART_Start_Receive_DMA  stm32f1xx_hal_uart.o
    0x0800671c   0x0800671c   0x00000094   Code   RO         1185    .text.UART_Transmit_IT  stm32f1xx_hal_uart.o
    0x080067b0   0x080067b0   0x000000da   Code   RO         1109    .text.UART_WaitOnFlagUntilTimeout  stm32f1xx_hal_uart.o
    0x0800688a   0x0800688a   0x00000002   PAD
    0x0800688c   0x0800688c   0x00000010   Code   RO          136    .text.USART2_IRQHandler  stm32f1xx_it.o
    0x0800689c   0x0800689c   0x00000004   Code   RO          118    .text.UsageFault_Handler  stm32f1xx_it.o
    0x080068a0   0x080068a0   0x0000007e   Code   RO         1506    .text.Voltage_to_dbm  rf_matching.o
    0x0800691e   0x0800691e   0x00000002   PAD
    0x08006920   0x08006920   0x00000030   Code   RO          444    .text.__NVIC_EnableIRQ  stm32f1xx_hal_cortex.o
    0x08006950   0x08006950   0x00000010   Code   RO          436    .text.__NVIC_GetPriorityGrouping  stm32f1xx_hal_cortex.o
    0x08006960   0x08006960   0x00000042   Code   RO          438    .text.__NVIC_SetPriority  stm32f1xx_hal_cortex.o
    0x080069a2   0x080069a2   0x00000002   PAD
    0x080069a4   0x080069a4   0x0000003c   Code   RO          432    .text.__NVIC_SetPriorityGrouping  stm32f1xx_hal_cortex.o
    0x080069e0   0x080069e0   0x00000090   Code   RO         1441    .text.app_event_handler  app_callbacks.o
    0x08006a70   0x08006a70   0x00000038   Code   RO         1346    .text.app_event_init  app_event.o
    0x08006aa8   0x08006aa8   0x00000026   Code   RO         1350    .text.app_event_process  app_event.o
    0x08006ace   0x08006ace   0x00000002   PAD
    0x08006ad0   0x08006ad0   0x00000040   Code   RO         1348    .text.app_event_send  app_event.o
    0x08006b10   0x08006b10   0x0000009c   Code   RO         1379    .text.bsp_multibutton_Init  bsp_multibutton.o
    0x08006bac   0x08006bac   0x0000001c   Code   RO         1307    .text.button_attach  multi_button.o
    0x08006bc8   0x08006bc8   0x0000033a   Code   RO         1317    .text.button_handler  multi_button.o
    0x08006f02   0x08006f02   0x00000002   PAD
    0x08006f04   0x08006f04   0x00000064   Code   RO         1305    .text.button_init   multi_button.o
    0x08006f68   0x08006f68   0x00000050   Code   RO         1311    .text.button_start  multi_button.o
    0x08006fb8   0x08006fb8   0x0000002c   Code   RO         1315    .text.button_ticks  multi_button.o
    0x08006fe4   0x08006fe4   0x00000012   Code   RO         1460    .text.led1_toggle   bsp_led.o
    0x08006ff6   0x08006ff6   0x00000002   PAD
    0x08006ff8   0x08006ff8   0x00000012   Code   RO         1466    .text.led2_toggle   bsp_led.o
    0x0800700a   0x0800700a   0x00000002   PAD
    0x0800700c   0x0800700c   0x00000066   Code   RO         1252    .text.lwrb_get_free  lwrb.o
    0x08007072   0x08007072   0x00000002   PAD
    0x08007074   0x08007074   0x00000064   Code   RO         1258    .text.lwrb_get_full  lwrb.o
    0x080070d8   0x080070d8   0x0000004c   Code   RO         1236    .text.lwrb_init     lwrb.o
    0x08007124   0x08007124   0x00000036   Code   RO         1254    .text.lwrb_read     lwrb.o
    0x0800715a   0x0800715a   0x00000002   PAD
    0x0800715c   0x0800715c   0x00000152   Code   RO         1256    .text.lwrb_read_ex  lwrb.o
    0x080072ae   0x080072ae   0x00000002   PAD
    0x080072b0   0x080072b0   0x000000a2   Code   RO         1268    .text.lwrb_skip     lwrb.o
    0x08007352   0x08007352   0x00000002   PAD
    0x08007354   0x08007354   0x00000036   Code   RO         1248    .text.lwrb_write    lwrb.o
    0x0800738a   0x0800738a   0x00000002   PAD
    0x0800738c   0x0800738c   0x00000152   Code   RO         1250    .text.lwrb_write_ex  lwrb.o
    0x080074de   0x080074de   0x00000002   PAD
    0x080074e0   0x080074e0   0x00000090   Code   RO           11    .text.main          main.o
    0x08007570   0x08007570   0x0000002a   Code   RO         1327    .text.multiTimerInstall  multitimer.o
    0x0800759a   0x0800759a   0x00000002   PAD
    0x0800759c   0x0800759c   0x000000c2   Code   RO         1335    .text.multiTimerYield  multitimer.o
    0x0800765e   0x0800765e   0x00000002   PAD
    0x08007660   0x08007660   0x000001c2   Code   RO         1528    .text.parse_ascii_command  command_parser.o
    0x08007822   0x08007822   0x00000002   PAD
    0x08007824   0x08007824   0x00000070   Code   RO         1381    .text.read_button_GPIO  bsp_multibutton.o
    0x08007894   0x08007894   0x0000003e   Code   RO         1803    CL$$btod_d2e        c_w.l(btod.o)
    0x080078d2   0x080078d2   0x00000046   Code   RO         1805    CL$$btod_d2e_denorm_low  c_w.l(btod.o)
    0x08007918   0x08007918   0x00000060   Code   RO         1804    CL$$btod_d2e_norm_op1  c_w.l(btod.o)
    0x08007978   0x08007978   0x00000338   Code   RO         1813    CL$$btod_div_common  c_w.l(btod.o)
    0x08007cb0   0x08007cb0   0x000000dc   Code   RO         1810    CL$$btod_e2e        c_w.l(btod.o)
    0x08007d8c   0x08007d8c   0x0000002a   Code   RO         1807    CL$$btod_ediv       c_w.l(btod.o)
    0x08007db6   0x08007db6   0x0000002a   Code   RO         1806    CL$$btod_emul       c_w.l(btod.o)
    0x08007de0   0x08007de0   0x00000244   Code   RO         1812    CL$$btod_mult_common  c_w.l(btod.o)
    0x08008024   0x08008024   0x00000028   Code   RO         1840    i.__ARM_fpclassify  m_ws.l(fpclassify.o)
    0x0800804c   0x0800804c   0x0000000e   Code   RO         1686    i._is_digit         c_w.l(__printf_wp.o)
    0x0800805a   0x0800805a   0x0000002c   Code   RO         1620    i.sqrtf             m_ws.l(sqrtf.o)
    0x08008086   0x08008086   0x00000002   PAD
    0x08008088   0x08008088   0x0000002c   Code   RO         1828    locale$$code        c_w.l(lc_numeric_c.o)
    0x080080b4   0x080080b4   0x0000002c   Code   RO         1847    locale$$code        c_w.l(lc_ctype_c.o)
    0x080080e0   0x080080e0   0x0000000c   Code   RO         1721    x$fpl$dretinf       fz_ws.l(dretinf.o)
    0x080080ec   0x080080ec   0x00000056   Code   RO         1593    x$fpl$f2d           fz_ws.l(f2d.o)
    0x08008142   0x08008142   0x00000002   PAD
    0x08008144   0x08008144   0x000000c4   Code   RO         1595    x$fpl$fadd          fz_ws.l(faddsub_clz.o)
    0x08008208   0x08008208   0x00000054   Code   RO         1601    x$fpl$fcmp          fz_ws.l(fcmp.o)
    0x0800825c   0x0800825c   0x00000018   Code   RO         1784    x$fpl$fcmpinf       fz_ws.l(fcmpi.o)
    0x08008274   0x08008274   0x00000184   Code   RO         1604    x$fpl$fdiv          fz_ws.l(fdiv.o)
    0x080083f8   0x080083f8   0x00000068   Code   RO         1723    x$fpl$feqf          fz_ws.l(feqf.o)
    0x08008460   0x08008460   0x0000003e   Code   RO         1607    x$fpl$ffixu         fz_ws.l(ffixu.o)
    0x0800849e   0x0800849e   0x00000002   PAD
    0x080084a0   0x080084a0   0x00000026   Code   RO         1611    x$fpl$ffltu         fz_ws.l(fflt_clz.o)
    0x080084c6   0x080084c6   0x00000002   PAD
    0x080084c8   0x080084c8   0x00000068   Code   RO         1725    x$fpl$fgeqf         fz_ws.l(fgeqf.o)
    0x08008530   0x08008530   0x00000068   Code   RO         1727    x$fpl$fleqf         fz_ws.l(fleqf.o)
    0x08008598   0x08008598   0x00000102   Code   RO         1617    x$fpl$fmul          fz_ws.l(fmul.o)
    0x0800869a   0x0800869a   0x0000008c   Code   RO         1729    x$fpl$fnaninf       fz_ws.l(fnaninf.o)
    0x08008726   0x08008726   0x0000000a   Code   RO         1731    x$fpl$fretinf       fz_ws.l(fretinf.o)
    0x08008730   0x08008730   0x00000110   Code   RO         1733    x$fpl$fsqrt         fz_ws.l(fsqrt.o)
    0x08008840   0x08008840   0x000000ea   Code   RO         1597    x$fpl$fsub          fz_ws.l(faddsub_clz.o)
    0x0800892a   0x0800892a   0x00000004   Code   RO         1735    x$fpl$printf1       fz_ws.l(printf1.o)
    0x0800892e   0x0800892e   0x00000004   Code   RO         1737    x$fpl$printf2       fz_ws.l(printf2.o)
    0x08008932   0x08008932   0x00000000   Code   RO         1743    x$fpl$usenofp       fz_ws.l(usenofp.o)
    0x08008932   0x08008932   0x00000002   PAD
    0x08008934   0x08008934   0x00000008   Data   RO         1645    .constdata          c_w.l(_printf_wctomb.o)
    0x0800893c   0x0800893c   0x00000028   Data   RO         1674    .constdata          c_w.l(_printf_hex_int_ll_ptr.o)
    0x08008964   0x08008964   0x00000011   Data   RO         1694    .constdata          c_w.l(__printf_flags_ss_wp.o)
    0x08008975   0x08008975   0x00000026   Data   RO         1773    .constdata          c_w.l(_printf_fp_hex.o)
    0x0800899b   0x0800899b   0x00000001   PAD
    0x0800899c   0x0800899c   0x00000094   Data   RO         1801    .constdata          c_w.l(bigflt0.o)
    0x08008a30   0x08008a30   0x00000010   Data   RO         1227    .rodata.AHBPrescTable  system_stm32f1xx.o
    0x08008a40   0x08008a40   0x00000008   Data   RO         1228    .rodata.APBPrescTable  system_stm32f1xx.o
    0x08008a48   0x08008a48   0x00000010   Data   RO          365    .rodata.HAL_RCCEx_GetPeriphCLKFreq.aPLLMULFactorTable  stm32f1xx_hal_rcc_ex.o
    0x08008a58   0x08008a58   0x00000002   Data   RO          366    .rodata.HAL_RCCEx_GetPeriphCLKFreq.aPredivFactorTable  stm32f1xx_hal_rcc_ex.o
    0x08008a5a   0x08008a5a   0x00000010   Data   RO          350    .rodata.HAL_RCC_GetSysClockFreq.aPLLMULFactorTable  stm32f1xx_hal_rcc.o
    0x08008a6a   0x08008a6a   0x00000002   Data   RO          351    .rodata.HAL_RCC_GetSysClockFreq.aPredivFactorTable  stm32f1xx_hal_rcc.o
    0x08008a6c   0x08008a6c   0x00000020   Data   RO         1479    .rodata.Relay_Map   bsp_relay.o
    0x08008a8c   0x08008a8c   0x000000c9   Data   RO         1530    .rodata.str1.1      command_parser.o
    0x08008b55   0x08008b55   0x00000003   PAD
    0x08008b58   0x08008b58   0x00000020   Data   RO         1980    Region$$Table       anon$$obj.o
    0x08008b78   0x08008b78   0x0000001c   Data   RO         1827    locale$$data        c_w.l(lc_numeric_c.o)
    0x08008b94   0x08008b94   0x00000110   Data   RO         1846    locale$$data        c_w.l(lc_ctype_c.o)


    Execution Region RW_IRAM1 (Exec base: 0x20000000, Load base: 0x08008ca8, Size: 0x00000b10, Max: 0x00005000, ABSOLUTE)

    Exec Addr    Load Addr    Size         Type   Attr      Idx    E Section Name        Object

    0x20000000   0x08008ca8   0x00000004   Data   RW         1511    .data.Best_vswr     rf_matching.o
    0x20000004   0x08008cac   0x00000004   Data   RW         1226    .data.SystemCoreClock  system_stm32f1xx.o
    0x20000008   0x08008cb0   0x00000001   Data   RW          311    .data.uwTickFreq    stm32f1xx_hal.o
    0x20000009   0x08008cb1   0x00000003   PAD
    0x2000000c   0x08008cb4   0x00000004   Data   RW          310    .data.uwTickPrio    stm32f1xx_hal.o
    0x20000010        -       0x00000060   Zero   RW         1787    .bss                c_w.l(libspace.o)
    0x20000070        -       0x00000002   Zero   RW         1513    .bss.ADC_0          rf_matching.o
    0x20000072        -       0x00000002   Zero   RW         1514    .bss.ADC_1          rf_matching.o
    0x20000074        -       0x00000040   Zero   RW         1443    .bss.UART_RX_BUFFER  app_callbacks.o
    0x200000b4        -       0x00000001   Zero   RW         1512    .bss.best_comb      rf_matching.o
    0x200000b5   0x08008cb8   0x00000003   PAD
    0x200000b8        -       0x0000002c   Zero   RW         1391    .bss.btn_RF8        bsp_multibutton.o
    0x200000e4        -       0x0000002c   Zero   RW         1389    .bss.btn_sw1        bsp_multibutton.o
    0x20000110        -       0x0000002c   Zero   RW         1390    .bss.btn_sw2        bsp_multibutton.o
    0x2000013c        -       0x00000001   Zero   RW         1510    .bss.count          rf_matching.o
    0x2000013d   0x08008cb8   0x00000003   PAD
    0x20000140        -       0x00000018   Zero   RW         1354    .bss.evt_rb         app_event.o
    0x20000158        -       0x00000100   Zero   RW         1355    .bss.evt_rb_data    app_event.o
    0x20000258        -       0x00000004   Zero   RW         1515    .bss.fwd_raw        rf_matching.o
    0x2000025c   0x08008cb8   0x00000004   PAD
    0x20000260        -       0x00000008   Zero   RW         1421    .bss.g_soft_timer_ticks  bsp_soft_timer.o
    0x20000268        -       0x00000030   Zero   RW           41    .bss.hadc1          adc.o
    0x20000298        -       0x00000044   Zero   RW           42    .bss.hdma_adc1      adc.o
    0x200002dc        -       0x00000044   Zero   RW          101    .bss.hdma_usart2_rx  usart.o
    0x20000320        -       0x00000044   Zero   RW          102    .bss.hdma_usart2_tx  usart.o
    0x20000364        -       0x00000004   Zero   RW         1319    .bss.head_handle    multi_button.o
    0x20000368        -       0x00000058   Zero   RW           64    .bss.hspi2          spi.o
    0x200003c0        -       0x00000048   Zero   RW           84    .bss.htim1          tim.o
    0x20000408        -       0x00000048   Zero   RW           85    .bss.htim2          tim.o
    0x20000450        -       0x00000048   Zero   RW           86    .bss.htim3          tim.o
    0x20000498        -       0x00000048   Zero   RW          100    .bss.huart2         usart.o
    0x200004e0        -       0x00000004   Zero   RW         1337    .bss.platformTicksFunction  multitimer.o
    0x200004e4        -       0x00000018   Zero   RW         1401    .bss.rb_uart        bsp_ringbuffer.o
    0x200004fc        -       0x00000004   Zero   RW         1516    .bss.ref_raw        rf_matching.o
    0x20000500        -       0x00000004   Zero   RW         1338    .bss.timerList      multitimer.o
    0x20000504        -       0x00000004   Zero   RW          312    .bss.uwTick         stm32f1xx_hal.o
    0x20000508        -       0x00000004   Zero   RW         1518    .bss.vswr_viewer    rf_matching.o
    0x2000050c   0x08008cb8   0x00000004   PAD
    0x20000510        -       0x00000400   Zero   RW            2    HEAP                startup_stm32f103xb.o
    0x20000910        -       0x00000200   Zero   RW            1    STACK               startup_stm32f103xb.o


==============================================================================

Image component sizes


      Code (inc. data)   RO Data    RW Data    ZI Data      Debug   Object Name

       310          0          0          0        116       3954   adc.o
       320         10          0          0         64       7072   app_callbacks.o
       158          0          0          0        280       2197   app_event.o
       104          0          0          0          0       4853   bsp_fan_pid.o
        36          0          0          0          0       1160   bsp_led.o
       320          0          0          0        132       2732   bsp_multibutton.o
       164          0         32          0          0       1557   bsp_relay.o
         0          0          0          0         24       1185   bsp_ringbuffer.o
        84          0          0          0          8        925   bsp_soft_timer.o
       268          0          0          0          0       1384   bsp_sys_ctrl.o
       522          0        201          0          0       1524   command_parser.o
        94          0          0          0          0       1966   dma.o
       122          0          0          0          0       2308   dwt_delay.o
       396          0          0          0          0       1560   gpio.o
      1224          0          0          0          0       6609   lwrb.o
       306          0          0          0          0       2305   main.o
      1078         12          0          0          4       3078   multi_button.o
       236          0          0          0          8       1916   multitimer.o
       644          0          0          4         18       2287   rf_matching.o
       230          0          0          0         88       4045   spi.o
        64         26        236          0       1536        768   startup_stm32f103xb.o
       254          0          0          5          4       5524   stm32f1xx_hal.o
      2492          0          0          0          0       9309   stm32f1xx_hal_adc.o
       394          0          0          0          0       7362   stm32f1xx_hal_adc_ex.o
       482          0          0          0          0       7481   stm32f1xx_hal_cortex.o
      1510          0          0          0          0       6227   stm32f1xx_hal_dma.o
       890          0          0          0          0       4185   stm32f1xx_hal_gpio.o
       100          0          0          0          0       1162   stm32f1xx_hal_msp.o
      2582          0         18          0          0       7375   stm32f1xx_hal_rcc.o
       866          0         18          0          0       3082   stm32f1xx_hal_rcc_ex.o
       248          0          0          0          0      18799   stm32f1xx_hal_spi.o
      3486         14          0          0          0      35454   stm32f1xx_hal_tim.o
       236          0          0          0          0      14996   stm32f1xx_hal_tim_ex.o
      3594          0          0          0          0      19900   stm32f1xx_hal_uart.o
       118          0          0          0          0       1488   stm32f1xx_it.o
         2          0         24          4          0       1534   system_stm32f1xx.o
       950          0          0          0        216       7314   tim.o
       376          0          0          0        208       5306   usart.o

    ----------------------------------------------------------------------
     25404         62        564         16       2720     211883   Object Totals
         0          0         32          0          0          0   (incl. Generated)
       144          0          3          3         14          0   (incl. Padding)

    ----------------------------------------------------------------------

      Code (inc. data)   RO Data    RW Data    ZI Data      Debug   Library Member Name

         8          0          0          0          0         68   __main.o
       392          4         17          0          0         92   __printf_flags_ss_wp.o
        14          0          0          0          0         68   __printf_wp.o
         0          0          0          0          0          0   __rtentry.o
        12          0          0          0          0          0   __rtentry2.o
         6          0          0          0          0          0   __rtentry4.o
        52          8          0          0          0          0   __scatter.o
        26          0          0          0          0          0   __scatter_copy.o
        28          0          0          0          0          0   __scatter_zi.o
        72          0          0          0          0         96   _c16rtomb.o
         6          0          0          0          0          0   _printf_a.o
         6          0          0          0          0          0   _printf_c.o
        44          0          0          0          0        108   _printf_char.o
        48          6          0          0          0         96   _printf_char_common.o
        40          0          0          0          0         68   _printf_charcount.o
         6          0          0          0          0          0   _printf_d.o
       120         16          0          0          0         92   _printf_dec.o
         6          0          0          0          0          0   _printf_e.o
         6          0          0          0          0          0   _printf_f.o
      1052          0          0          0          0        148   _printf_fp_dec.o
       764          8         38          0          0        100   _printf_fp_hex.o
       128         16          0          0          0         84   _printf_fp_infnan.o
         6          0          0          0          0          0   _printf_g.o
       148          4         40          0          0        160   _printf_hex_int_ll_ptr.o
         6          0          0          0          0          0   _printf_i.o
       178          0          0          0          0         88   _printf_intcommon.o
        10          0          0          0          0          0   _printf_l.o
         6          0          0          0          0          0   _printf_lc.o
        10          0          0          0          0          0   _printf_ll.o
         6          0          0          0          0          0   _printf_lld.o
         6          0          0          0          0          0   _printf_lli.o
         6          0          0          0          0          0   _printf_llo.o
         6          0          0          0          0          0   _printf_llu.o
         6          0          0          0          0          0   _printf_llx.o
       124         16          0          0          0         92   _printf_longlong_dec.o
         6          0          0          0          0          0   _printf_ls.o
         6          0          0          0          0          0   _printf_n.o
         6          0          0          0          0          0   _printf_o.o
       112          8          0          0          0        124   _printf_oct_int_ll.o
         6          0          0          0          0          0   _printf_p.o
        78          0          0          0          0        108   _printf_pad.o
         0          0          0          0          0          0   _printf_percent.o
         4          0          0          0          0          0   _printf_percent_end.o
         6          0          0          0          0          0   _printf_s.o
        82          0          0          0          0         80   _printf_str.o
        36          0          0          0          0         84   _printf_truncate.o
         6          0          0          0          0          0   _printf_u.o
        44          0          0          0          0        108   _printf_wchar.o
       188          6          8          0          0         92   _printf_wctomb.o
         6          0          0          0          0          0   _printf_x.o
        22          0          0          0          0        100   _rserrno.o
        16          0          0          0          0         68   _snputc.o
        10          0          0          0          0         68   _sputc.o
       228          4        148          0          0         96   bigflt0.o
      1936        128          0          0          0        668   btod.o
        18          0          0          0          0         80   exit.o
         6          0          0          0          0        152   heapauxi.o
         0          0          0          0          0          0   indicate_semi.o
        44         10        272          0          0         76   lc_ctype_c.o
        44         10         28          0          0         76   lc_numeric_c.o
         2          0          0          0          0          0   libinit.o
        30          0          0          0          0          0   libinit2.o
         2          0          0          0          0          0   libshutdown.o
         2          0          0          0          0          0   libshutdown2.o
         8          4          0          0         96         68   libspace.o
       138          0          0          0          0         80   lludiv10.o
        16          4          0          0          0         76   rt_ctype_table.o
         8          4          0          0          0         68   rt_errno_addr_intlibspace.o
         8          4          0          0          0         68   rt_locale_intlibspace.o
        78          0          0          0          0         80   rt_memclr_w.o
       138          0          0          0          0         68   rt_memcpy_v6.o
       100          0          0          0          0         80   rt_memcpy_w.o
         2          0          0          0          0          0   rtexit.o
        10          0          0          0          0          0   rtexit2.o
       128          0          0          0          0         68   strcmpv7m.o
       150          0          0          0          0         80   strncmp.o
        30          0          0          0          0         76   strpbrk.o
        12          4          0          0          0         68   sys_exit.o
        74          0          0          0          0         80   sys_stackheap_outer.o
         2          0          0          0          0         68   use_no_semi.o
        52          4          0          0          0         80   vsnprintf.o
        12          0          0          0          0         68   dretinf.o
        86          4          0          0          0         84   f2d.o
       430          8          0          0          0        168   faddsub_clz.o
        84          0          0          0          0        196   fcmp.o
        24          0          0          0          0         68   fcmpi.o
       388         76          0          0          0         96   fdiv.o
       104          4          0          0          0         84   feqf.o
        62          4          0          0          0         84   ffixu.o
        38          0          0          0          0         68   fflt_clz.o
       104          4          0          0          0         84   fgeqf.o
       104          4          0          0          0         84   fleqf.o
       258          4          0          0          0         84   fmul.o
       140          4          0          0          0         84   fnaninf.o
        10          0          0          0          0         68   fretinf.o
       272        100          0          0          0         88   fsqrt.o
         4          0          0          0          0         68   printf1.o
         4          0          0          0          0         68   printf2.o
         0          0          0          0          0          0   usenofp.o
        40          0          0          0          0         68   fpclassify.o
        44          0          0          0          0         80   sqrtf.o

    ----------------------------------------------------------------------
      9484        480        552          0         96       6140   Library Totals
        22          0          1          0          0          0   (incl. Padding)

    ----------------------------------------------------------------------

      Code (inc. data)   RO Data    RW Data    ZI Data      Debug   Library Name

      7254        268        551          0         96       4448   c_w.l
      2124        212          0          0          0       1544   fz_ws.l
        84          0          0          0          0        148   m_ws.l

    ----------------------------------------------------------------------
      9484        480        552          0         96       6140   Library Totals

    ----------------------------------------------------------------------

==============================================================================


      Code (inc. data)   RO Data    RW Data    ZI Data      Debug   

     34888        542       1116         16       2816     213887   Grand Totals
     34888        542       1116         16       2816     213887   ELF Image Totals
     34888        542       1116         16          0          0   ROM Totals

==============================================================================

    Total RO  Size (Code + RO Data)                36004 (  35.16kB)
    Total RW  Size (RW Data + ZI Data)              2832 (   2.77kB)
    Total ROM Size (Code + RO Data + RW Data)      36020 (  35.18kB)

==============================================================================

