<html>
<body>
<pre>
<h1>µVision Build Log</h1>
<h2>Tool Versions:</h2>
IDE-Version: ¦ÌVision V5.36.0.0
Copyright (C) 2021 ARM Ltd and ARM Germany GmbH. All rights reserved.
License Information: 111 111, 111, LIC=SDA0P-MHQW6-JJ86S-LAJJK-JUCXC-5V4JX
 
Tool Versions:
Toolchain:       MDK-ARM Plus  Version: 5.36.0.0
Toolchain Path:  D:\Keil5\ARM\ARMCLANG\Bin
C Compiler:      ArmClang.exe V6.16
Assembler:       Armasm.exe V6.16
Linker/Locator:  ArmLink.exe V6.16
Library Manager: ArmAr.exe V6.16
Hex Converter:   FromElf.exe V6.16
CPU DLL:         SARMCM3.DLL V5.36.0.0
Dialog DLL:      DARMSTM.DLL V1.68.0.0
Target DLL:      STLink\ST-LINKIII-KEIL_SWO.dll V3.0.9.0
Dialog DLL:      TCM.DLL V1.53.0.0
 
<h2>Project:</h2>
D:\ClassE_LMF_SCH\ClassE_lmf\MDK-ARM\ClassE_lmf.uvprojx
Project File Date:  06/03/2026

<h2>Output:</h2>
*** Using Compiler 'V6.16', folder: 'D:\Keil5\ARM\ARMCLANG\Bin'
Build target 'ClassE_lmf'
compiling rf_matching.c...
linking...
Program Size: Code=34008 RO-data=1116 RW-data=12 ZI-data=2820  
FromELF: creating hex file...
"ClassE_lmf\ClassE_lmf.axf" - 0 Error(s), 0 Warning(s).

<h2>Software Packages used:</h2>

Package Vendor: ARM
                https://www.keil.com/pack/ARM.CMSIS.6.3.0.pack
                ARM.CMSIS.6.3.0
                CMSIS (Common Microcontroller Software Interface Standard)
   * Component: CORE Version: 6.2.0

Package Vendor: Keil
                http://www.keil.com/pack/Keil.STM32F1xx_DFP.2.3.0.pack
                Keil.STM32F1xx_DFP.2.3.0
                STMicroelectronics STM32F1 Series Device Support, Drivers and Examples

<h2>Collection of Component include folders:</h2>
  .\RTE\_ClassE_lmf
  D:\Keil5\Packs\ARM\CMSIS\6.3.0\CMSIS\Core\Include
  D:\Keil5\Packs\Keil\STM32F1xx_DFP\2.3.0\Device\Include

<h2>Collection of Component Files used:</h2>

   * Component: ARM::CMSIS:CORE:6.2.0
Build Time Elapsed:  00:00:01
</pre>
</body>
</html>
